Archive member included because of file (symbol)

/usr/lib/gcc/arm-none-eabi/4.8.2/armv7-m/libgcc.a(_aeabi_uldivmod.o)
                              obj_openmote-cc2538/spi.o (__aeabi_uldivmod)
/usr/lib/gcc/arm-none-eabi/4.8.2/armv7-m/libgcc.a(bpabi.o)
                              /usr/lib/gcc/arm-none-eabi/4.8.2/armv7-m/libgcc.a(_aeabi_uldivmod.o) (__gnu_uldivmod_helper)
/usr/lib/gcc/arm-none-eabi/4.8.2/armv7-m/libgcc.a(_dvmd_tls.o)
                              /usr/lib/gcc/arm-none-eabi/4.8.2/armv7-m/libgcc.a(_aeabi_uldivmod.o) (__aeabi_ldiv0)
/usr/lib/gcc/arm-none-eabi/4.8.2/armv7-m/libgcc.a(_divdi3.o)
                              /usr/lib/gcc/arm-none-eabi/4.8.2/armv7-m/libgcc.a(bpabi.o) (__divdi3)
/usr/lib/gcc/arm-none-eabi/4.8.2/armv7-m/libgcc.a(_udivdi3.o)
                              /usr/lib/gcc/arm-none-eabi/4.8.2/armv7-m/libgcc.a(bpabi.o) (__udivdi3)
/usr/lib/gcc/arm-none-eabi/4.8.2/../../../arm-none-eabi/lib/armv7-m/libc.a(lib_a-atoi.o)
                              obj_openmote-cc2538/res-hello.o (atoi)
/usr/lib/gcc/arm-none-eabi/4.8.2/../../../arm-none-eabi/lib/armv7-m/libc.a(lib_a-ctype_.o)
                              obj_openmote-cc2538/resolv.o (__ctype_ptr__)
/usr/lib/gcc/arm-none-eabi/4.8.2/../../../arm-none-eabi/lib/armv7-m/libc.a(lib_a-memchr-stub.o)
                              obj_openmote-cc2538/er-coap.o (memchr)
/usr/lib/gcc/arm-none-eabi/4.8.2/../../../arm-none-eabi/lib/armv7-m/libc.a(lib_a-memcmp.o)
                              obj_openmote-cc2538/er-coap-observe.o (memcmp)
/usr/lib/gcc/arm-none-eabi/4.8.2/../../../arm-none-eabi/lib/armv7-m/libc.a(lib_a-memcpy.o)
                              obj_openmote-cc2538/er-coap.o (memcpy)
/usr/lib/gcc/arm-none-eabi/4.8.2/../../../arm-none-eabi/lib/armv7-m/libc.a(lib_a-memmove.o)
                              obj_openmote-cc2538/er-coap.o (memmove)
/usr/lib/gcc/arm-none-eabi/4.8.2/../../../arm-none-eabi/lib/armv7-m/libc.a(lib_a-memset.o)
                              obj_openmote-cc2538/er-coap.o (memset)
/usr/lib/gcc/arm-none-eabi/4.8.2/../../../arm-none-eabi/lib/armv7-m/libc.a(lib_a-reent.o)
                              obj_openmote-cc2538/syscalls.o (errno)
/usr/lib/gcc/arm-none-eabi/4.8.2/../../../arm-none-eabi/lib/armv7-m/libc.a(lib_a-strcasecmp.o)
                              obj_openmote-cc2538/resolv.o (strcasecmp)
/usr/lib/gcc/arm-none-eabi/4.8.2/../../../arm-none-eabi/lib/armv7-m/libc.a(lib_a-strchr.o)
                              obj_openmote-cc2538/er-coap.o (strchr)
/usr/lib/gcc/arm-none-eabi/4.8.2/../../../arm-none-eabi/lib/armv7-m/libc.a(lib_a-strcmp.o)
                              obj_openmote-cc2538/cfs-coffee.o (strcmp)
/usr/lib/gcc/arm-none-eabi/4.8.2/../../../arm-none-eabi/lib/armv7-m/libc.a(lib_a-strcpy.o)
                              obj_openmote-cc2538/res-separate.o (strcpy)
/usr/lib/gcc/arm-none-eabi/4.8.2/../../../arm-none-eabi/lib/armv7-m/libc.a(lib_a-strlen.o)
                              obj_openmote-cc2538/er-coap.o (strlen)
/usr/lib/gcc/arm-none-eabi/4.8.2/../../../arm-none-eabi/lib/armv7-m/libc.a(lib_a-strncasecmp.o)
                              obj_openmote-cc2538/resolv.o (strncasecmp)
/usr/lib/gcc/arm-none-eabi/4.8.2/../../../arm-none-eabi/lib/armv7-m/libc.a(lib_a-strncat.o)
                              obj_openmote-cc2538/resolv.o (strncat)
/usr/lib/gcc/arm-none-eabi/4.8.2/../../../arm-none-eabi/lib/armv7-m/libc.a(lib_a-strncmp.o)
                              obj_openmote-cc2538/er-coap.o (strncmp)
/usr/lib/gcc/arm-none-eabi/4.8.2/../../../arm-none-eabi/lib/armv7-m/libc.a(lib_a-strncpy.o)
                              obj_openmote-cc2538/er-coap-observe.o (strncpy)
/usr/lib/gcc/arm-none-eabi/4.8.2/../../../arm-none-eabi/lib/armv7-m/libc.a(lib_a-strtol.o)
                              /usr/lib/gcc/arm-none-eabi/4.8.2/../../../arm-none-eabi/lib/armv7-m/libc.a(lib_a-atoi.o) (_strtol_r)
/usr/lib/gcc/arm-none-eabi/4.8.2/../../../arm-none-eabi/lib/armv7-m/libc.a(lib_a-freer.o)
                              /usr/lib/gcc/arm-none-eabi/4.8.2/../../../arm-none-eabi/lib/armv7-m/libc.a(lib_a-reent.o) (_free_r)
/usr/lib/gcc/arm-none-eabi/4.8.2/../../../arm-none-eabi/lib/armv7-m/libc.a(lib_a-impure.o)
                              /usr/lib/gcc/arm-none-eabi/4.8.2/../../../arm-none-eabi/lib/armv7-m/libc.a(lib_a-reent.o) (_impure_ptr)
/usr/lib/gcc/arm-none-eabi/4.8.2/../../../arm-none-eabi/lib/armv7-m/libc.a(lib_a-mallocr.o)
                              /usr/lib/gcc/arm-none-eabi/4.8.2/../../../arm-none-eabi/lib/armv7-m/libc.a(lib_a-freer.o) (__malloc_current_mallinfo)
/usr/lib/gcc/arm-none-eabi/4.8.2/../../../arm-none-eabi/lib/armv7-m/libc.a(lib_a-mlock.o)
                              /usr/lib/gcc/arm-none-eabi/4.8.2/../../../arm-none-eabi/lib/armv7-m/libc.a(lib_a-freer.o) (__malloc_lock)
/usr/lib/gcc/arm-none-eabi/4.8.2/../../../arm-none-eabi/lib/armv7-m/libc.a(lib_a-sbrkr.o)
[...]
Memory Configuration

Name             Origin             Length             Attributes
FLASH_FW         0x00202000         0x0007dfd4         xr
FLASH_CCA        0x0027ffd4         0x0000002c         xr
NRSRAM           0x20000000         0x00000000         xrw
FRSRAM           0x20000000         0x00008000         xrw
*default*        0x00000000         0xffffffff

Linker script and memory map

LOAD obj_openmote-cc2538/startup-gcc.o
LOAD obj_openmote-cc2538/er-coap.o
LOAD obj_openmote-cc2538/er-coap-engine.o
LOAD obj_openmote-cc2538/er-coap-transactions.o
LOAD obj_openmote-cc2538/er-coap-observe.o
LOAD obj_openmote-cc2538/er-coap-separate.o
LOAD obj_openmote-cc2538/er-coap-res-well-known-core.o
LOAD obj_openmote-cc2538/er-coap-block1.o
LOAD obj_openmote-cc2538/er-coap-observe-client.o
LOAD obj_openmote-cc2538/rest-engine.o
LOAD obj_openmote-cc2538/contiki-main.o
LOAD obj_openmote-cc2538/board.o
LOAD obj_openmote-cc2538/leds-arch.o
LOAD obj_openmote-cc2538/button-sensor.o
LOAD obj_openmote-cc2538/openmote-sensors.o
LOAD obj_openmote-cc2538/antenna.o
LOAD obj_openmote-cc2538/adxl346.o
LOAD obj_openmote-cc2538/max44009.o
LOAD obj_openmote-cc2538/sht21.o
LOAD obj_openmote-cc2538/tps62730.o
LOAD obj_openmote-cc2538/soc.o
LOAD obj_openmote-cc2538/clock.o
LOAD obj_openmote-cc2538/rtimer-arch.o
LOAD obj_openmote-cc2538/uart.o
LOAD obj_openmote-cc2538/watchdog.o
LOAD obj_openmote-cc2538/nvic.o
LOAD obj_openmote-cc2538/sys-ctrl.o
LOAD obj_openmote-cc2538/gpio.o
LOAD obj_openmote-cc2538/ioc.o
LOAD obj_openmote-cc2538/spi.o
LOAD obj_openmote-cc2538/adc.o
LOAD obj_openmote-cc2538/crypto.o
LOAD obj_openmote-cc2538/aes.o
LOAD obj_openmote-cc2538/ecb.o
LOAD obj_openmote-cc2538/cbc.o
LOAD obj_openmote-cc2538/ctr.o
LOAD obj_openmote-cc2538/cbc-mac.o
LOAD obj_openmote-cc2538/gcm.o
LOAD obj_openmote-cc2538/ccm.o
LOAD obj_openmote-cc2538/sha256.o
LOAD obj_openmote-cc2538/cc2538-aes-128.o
LOAD obj_openmote-cc2538/cc2538-ccm-star.o
LOAD obj_openmote-cc2538/cc2538-rf.o
LOAD obj_openmote-cc2538/udma.o
LOAD obj_openmote-cc2538/lpm.o
LOAD obj_openmote-cc2538/pka.o
LOAD obj_openmote-cc2538/bignum-driver.o
LOAD obj_openmote-cc2538/ecc-driver.o
LOAD obj_openmote-cc2538/ecc-algorithm.o
LOAD obj_openmote-cc2538/ecc-curve.o
LOAD obj_openmote-cc2538/dbg.o
LOAD obj_openmote-cc2538/ieee-addr.o
LOAD obj_openmote-cc2538/slip-arch.o
LOAD obj_openmote-cc2538/slip.o
LOAD obj_openmote-cc2538/i2c.o
LOAD obj_openmote-cc2538/cc2538-temp-sensor.o
LOAD obj_openmote-cc2538/vdd3-sensor.o
LOAD obj_openmote-cc2538/cfs-coffee.o
LOAD obj_openmote-cc2538/cfs-coffee-arch.o
LOAD obj_openmote-cc2538/pwm.o
LOAD obj_openmote-cc2538/dbg-printf.o
LOAD obj_openmote-cc2538/dbg-snprintf.o
LOAD obj_openmote-cc2538/dbg-sprintf.o
LOAD obj_openmote-cc2538/strformat.o
LOAD obj_openmote-cc2538/usb-core.o
LOAD obj_openmote-cc2538/cdc-acm.o
LOAD obj_openmote-cc2538/usb-arch.o
LOAD obj_openmote-cc2538/usb-serial.o
LOAD obj_openmote-cc2538/cdc-acm-descriptors.o
LOAD obj_openmote-cc2538/arg.o
LOAD obj_openmote-cc2538/autostart.o
LOAD obj_openmote-cc2538/compower.o
LOAD obj_openmote-cc2538/ctimer.o
LOAD obj_openmote-cc2538/energest.o
LOAD obj_openmote-cc2538/etimer.o
LOAD obj_openmote-cc2538/mt.o
LOAD obj_openmote-cc2538/process.o
LOAD obj_openmote-cc2538/procinit.o
LOAD obj_openmote-cc2538/rtimer.o
LOAD obj_openmote-cc2538/stimer.o
LOAD obj_openmote-cc2538/timer.o
LOAD obj_openmote-cc2538/leds.o
LOAD obj_openmote-cc2538/nullradio.o
LOAD obj_openmote-cc2538/serial-line.o
LOAD obj_openmote-cc2538/aes-128.o
LOAD obj_openmote-cc2538/assert.o
LOAD obj_openmote-cc2538/ccm-star.o
LOAD obj_openmote-cc2538/crc16.o
LOAD obj_openmote-cc2538/gcr.o
LOAD obj_openmote-cc2538/ifft.o
LOAD obj_openmote-cc2538/list.o
LOAD obj_openmote-cc2538/me.o
LOAD obj_openmote-cc2538/memb.o
LOAD obj_openmote-cc2538/me_tabs.o
LOAD obj_openmote-cc2538/mmem.o
LOAD obj_openmote-cc2538/petsciiconv.o
LOAD obj_openmote-cc2538/print-stats.o
LOAD obj_openmote-cc2538/random.o
LOAD obj_openmote-cc2538/ringbuf.o
LOAD obj_openmote-cc2538/ringbufindex.o
LOAD obj_openmote-cc2538/sensors.o
LOAD obj_openmote-cc2538/settings.o
LOAD obj_openmote-cc2538/trickle-timer.o
LOAD obj_openmote-cc2538/sicslowpan.o
LOAD obj_openmote-cc2538/uip6.o
LOAD obj_openmote-cc2538/uip-ds6.o
LOAD obj_openmote-cc2538/uip-ds6-nbr.o
LOAD obj_openmote-cc2538/uip-ds6-route.o
LOAD obj_openmote-cc2538/uip-icmp6.o
LOAD obj_openmote-cc2538/uip-nd6.o
LOAD obj_openmote-cc2538/websocket.o
LOAD obj_openmote-cc2538/websocket-http-client.o
LOAD obj_openmote-cc2538/dhcpc.o
LOAD obj_openmote-cc2538/ip64-addr.o
LOAD obj_openmote-cc2538/psock.o
LOAD obj_openmote-cc2538/resolv.o
LOAD obj_openmote-cc2538/simple-udp.o
LOAD obj_openmote-cc2538/slipdev.o
LOAD obj_openmote-cc2538/tcpip.o
LOAD obj_openmote-cc2538/tcp-socket.o
LOAD obj_openmote-cc2538/udp-socket.o
LOAD obj_openmote-cc2538/uip-debug.o
LOAD obj_openmote-cc2538/uiplib.o
LOAD obj_openmote-cc2538/uip-nameserver.o
LOAD obj_openmote-cc2538/uip-packetqueue.o
LOAD obj_openmote-cc2538/uip-split.o
LOAD obj_openmote-cc2538/uip-udp-packet.o
LOAD obj_openmote-cc2538/rpl.o
LOAD obj_openmote-cc2538/rpl-dag.o
LOAD obj_openmote-cc2538/rpl-dag-root.o
LOAD obj_openmote-cc2538/rpl-ext-header.o
LOAD obj_openmote-cc2538/rpl-icmp6.o
LOAD obj_openmote-cc2538/rpl-mrhof.o
LOAD obj_openmote-cc2538/rpl-nbr-policy.o
LOAD obj_openmote-cc2538/rpl-ns.o
LOAD obj_openmote-cc2538/rpl-of0.o
LOAD obj_openmote-cc2538/rpl-timers.o
LOAD obj_openmote-cc2538/syscalls.o
LOAD obj_openmote-cc2538/mtarch.o
LOAD obj_openmote-cc2538/linkaddr.o
LOAD obj_openmote-cc2538/link-stats.o
LOAD obj_openmote-cc2538/nbr-table.o
LOAD obj_openmote-cc2538/net-debug.o
LOAD obj_openmote-cc2538/netstack.o
LOAD obj_openmote-cc2538/packetbuf.o
LOAD obj_openmote-cc2538/queuebuf.o
LOAD obj_openmote-cc2538/csma.o
LOAD obj_openmote-cc2538/frame802154.o
LOAD obj_openmote-cc2538/frame802154e-ie.o
LOAD obj_openmote-cc2538/framer-802154.o
LOAD obj_openmote-cc2538/framer-nullmac.o
LOAD obj_openmote-cc2538/mac.o
LOAD obj_openmote-cc2538/mac-sequence.o
LOAD obj_openmote-cc2538/nordc.o
LOAD obj_openmote-cc2538/nullmac.o
LOAD obj_openmote-cc2538/nullrdc.o
LOAD obj_openmote-cc2538/nullrdc-noframer.o
LOAD obj_openmote-cc2538/phase.o
LOAD obj_openmote-cc2538/contikimac.o
LOAD obj_openmote-cc2538/contikimac-framer.o
LOAD obj_openmote-cc2538/anti-replay.o
LOAD obj_openmote-cc2538/ccm-star-packetbuf.o
LOAD obj_openmote-cc2538/nullsec.o
LOAD obj_openmote-cc2538/noncoresec.o
LOAD er-example-server.co
LOAD obj_openmote-cc2538/res-event.o
LOAD obj_openmote-cc2538/res-push.o
LOAD obj_openmote-cc2538/res-battery.o
LOAD obj_openmote-cc2538/res-leds.o
LOAD obj_openmote-cc2538/res-zoul.o
LOAD obj_openmote-cc2538/res-toggle-yellow.o
LOAD obj_openmote-cc2538/res-toggle-red.o
LOAD obj_openmote-cc2538/res-adxl346.o
LOAD obj_openmote-cc2538/res-separate.o
LOAD obj_openmote-cc2538/res-max44009.o
LOAD obj_openmote-cc2538/res-sht21.o
LOAD obj_openmote-cc2538/res-toggle-orange.o
LOAD obj_openmote-cc2538/res-hello.o
LOAD obj_openmote-cc2538/res-sub.o
LOAD obj_openmote-cc2538/res-toggle-green.o
START GROUP
LOAD /usr/lib/gcc/arm-none-eabi/4.8.2/armv7-m/libgcc.a
LOAD /usr/lib/gcc/arm-none-eabi/4.8.2/../../../arm-none-eabi/lib/armv7-m/libc.a
END GROUP

.text           0x00202000     0xd6b7
                0x00202000                _text = .
 *(SORT(.vectors))
 .vectors       0x00202000      0x28c obj_openmote-cc2538/startup-gcc.o
                0x00202000                vectors
 *(SORT(.text*))
 .text.reset_handler
                0x0020228c       0x40 obj_openmote-cc2538/startup-gcc.o
                0x0020228c                reset_handler
 .text.coap_init_connection
                0x002022cc       0x28 obj_openmote-cc2538/er-coap.o
                0x002022cc                coap_init_connection
 .text.coap_get_mid
                0x002022f4       0x10 obj_openmote-cc2538/er-coap.o
                0x002022f4                coap_get_mid
 .text.coap_serialize_message
                0x00202304      0x2e0 obj_openmote-cc2538/er-coap.o
                0x00202304                coap_serialize_message
 .text.coap_send_message
                0x002025e4       0x4c obj_openmote-cc2538/er-coap.o
                0x002025e4                coap_send_message
 .text.coap_parse_message
                0x00202630      0x2e4 obj_openmote-cc2538/er-coap.o
                0x00202630                coap_parse_message
 .text.coap_set_service_callback
                0x00202914        0xc obj_openmote-cc2538/er-coap-engine.o
                0x00202914                coap_set_service_callback
 .text.process_thread_coap_engine
                0x00202920      0x394 obj_openmote-cc2538/er-coap-engine.o
 .text.coap_init_engine
                0x00202cb4        0xc obj_openmote-cc2538/er-coap-engine.o
                0x00202cb4                coap_init_engine
 .text.coap_register_as_transaction_handler
                0x00202cc0       0x14 obj_openmote-cc2538/er-coap-transactions.o
                0x00202cc0                coap_register_as_transaction_handler
 .text.coap_new_transaction
                0x00202cd4       0x44 obj_openmote-cc2538/er-coap-transactions.o
                0x00202cd4                coap_new_transaction
 .text.coap_clear_transaction
                0x00202d18       0x2c obj_openmote-cc2538/er-coap-transactions.o
                0x00202d18                coap_clear_transaction
 .text.coap_send_transaction
                0x00202d44       0x94 obj_openmote-cc2538/er-coap-transactions.o
                0x00202d44                coap_send_transaction
 .text.coap_get_transaction_by_mid
                0x00202dd8       0x1c obj_openmote-cc2538/er-coap-transactions.o
                0x00202dd8                coap_get_transaction_by_mid
 .text.coap_check_transactions
                0x00202df4       0x2c obj_openmote-cc2538/er-coap-transactions.o
                0x00202df4                coap_check_transactions
 .text.coap_remove_observer
                0x00202e20       0x20 obj_openmote-cc2538/er-coap-observe.o
                0x00202e20                coap_remove_observer
 .text.coap_remove_observer_by_client
                0x00202e40       0x3c obj_openmote-cc2538/er-coap-observe.o
                0x00202e40                coap_remove_observer_by_client
 .text.coap_remove_observer_by_token
                0x00202e7c       0x58 obj_openmote-cc2538/er-coap-observe.o
                0x00202e7c                coap_remove_observer_by_token
 .text.coap_remove_observer_by_uri
                0x00202ed4       0x5c obj_openmote-cc2538/er-coap-observe.o
                0x00202ed4                coap_remove_observer_by_uri
 .text.coap_remove_observer_by_mid
                0x00202f30       0x48 obj_openmote-cc2538/er-coap-observe.o
                0x00202f30                coap_remove_observer_by_mid
 .text.coap_notify_observers_sub
                0x00202f78      0x124 obj_openmote-cc2538/er-coap-observe.o
                0x00202f78                coap_notify_observers_sub
 .text.coap_observe_handler
                0x0020309c      0x108 obj_openmote-cc2538/er-coap-observe.o
                0x0020309c                coap_observe_handler
 .text.coap_separate_reject
                0x002031a4       0x1c obj_openmote-cc2538/er-coap-separate.o
                0x002031a4                coap_separate_reject
 .text.coap_separate_accept
                0x002031c0       0xd0 obj_openmote-cc2538/er-coap-separate.o
                0x002031c0                coap_separate_accept
 .text.well_known_core_get_handler
                0x00203290      0x160 obj_openmote-cc2538/er-coap-res-well-known-core.o
                0x00203290                well_known_core_get_handler
 .text.classify_notification
                0x002033f0       0x58 obj_openmote-cc2538/er-coap-observe-client.o
 .text.simple_reply.isra.1
                0x00203448       0x38 obj_openmote-cc2538/er-coap-observe-client.o
 .text.coap_get_obs_subject_by_token
                0x00203480       0x40 obj_openmote-cc2538/er-coap-observe-client.o
                0x00203480                coap_get_obs_subject_by_token
 .text.coap_handle_notification
                0x002034c0       0xa8 obj_openmote-cc2538/er-coap-observe-client.o
                0x002034c0                coap_handle_notification
 .text.process_thread_rest_engine_process
                0x00203568       0x88 obj_openmote-cc2538/rest-engine.o
 .text.rest_invoke_restful_service
                0x002035f0       0xf8 obj_openmote-cc2538/rest-engine.o
                0x002035f0                rest_invoke_restful_service
 .text.rest_init_engine
                0x002036e8       0x40 obj_openmote-cc2538/rest-engine.o
                0x002036e8                rest_init_engine
 .text.rest_activate_resource
                0x00203728       0x58 obj_openmote-cc2538/rest-engine.o
                0x00203728                rest_activate_resource
 .text.rest_get_resources
                0x00203780        0x8 obj_openmote-cc2538/rest-engine.o
                0x00203780                rest_get_resources
 .text.startup.main
                0x00203788      0x1c8 obj_openmote-cc2538/contiki-main.o
                0x00203788                main
 .text.leds_arch_init
                0x00203950       0x10 obj_openmote-cc2538/leds-arch.o
                0x00203950                leds_arch_init
 .text.leds_arch_set
                0x00203960        0xc obj_openmote-cc2538/leds-arch.o
                0x00203960                leds_arch_set
 .text.value    0x0020396c       0x20 obj_openmote-cc2538/button-sensor.o
 .text.duration_exceeded_callback
                0x0020398c       0x3c obj_openmote-cc2538/button-sensor.o
 .text.config_user
                0x002039c8       0xa0 obj_openmote-cc2538/button-sensor.o
 .text.btn_callback
                0x00203a68       0x5c obj_openmote-cc2538/button-sensor.o
 .text.antenna_external
                0x00203ac4       0x14 obj_openmote-cc2538/antenna.o
                0x00203ac4                antenna_external
 .text.antenna_init
                0x00203ad8       0x1c obj_openmote-cc2538/antenna.o
                0x00203ad8                antenna_init
 .text.status   0x00203af4       0x14 obj_openmote-cc2538/adxl346.o
 .text.value    0x00203b08       0x68 obj_openmote-cc2538/adxl346.o
 .text.configure
                0x00203b70      0x154 obj_openmote-cc2538/adxl346.o
 .text.status   0x00203cc4       0x14 obj_openmote-cc2538/max44009.o
 .text.value    0x00203cd8       0x58 obj_openmote-cc2538/max44009.o
 .text.configure
                0x00203d30       0xd4 obj_openmote-cc2538/max44009.o
 .text.status   0x00203e04       0x14 obj_openmote-cc2538/sht21.o
 .text.configure
                0x00203e18       0x84 obj_openmote-cc2538/sht21.o
 .text.value    0x00203e9c       0x68 obj_openmote-cc2538/sht21.o
 .text.soc_get_rev
                0x00203f04       0x18 obj_openmote-cc2538/soc.o
                0x00203f04                soc_get_rev
 .text.soc_get_sram_size
                0x00203f1c       0x20 obj_openmote-cc2538/soc.o
                0x00203f1c                soc_get_sram_size
 .text.soc_print_info
                0x00203f3c       0x70 obj_openmote-cc2538/soc.o
                0x00203f3c                soc_print_info
 .text.update_ticks
                0x00203fac       0x50 obj_openmote-cc2538/clock.o
 .text.clock_init
                0x00203ffc       0x4c obj_openmote-cc2538/clock.o
                0x00203ffc                clock_init
 .text.clock_time
                0x00204048       0x14 obj_openmote-cc2538/clock.o
                0x00204048                clock_time
 .text.clock_seconds
                0x0020405c       0x14 obj_openmote-cc2538/clock.o
                0x0020405c                clock_seconds
 .text.clock_delay_usec
                0x00204070       0x1c obj_openmote-cc2538/clock.o
                0x00204070                clock_delay_usec
 .text.clock_adjust
                0x0020408c       0x20 obj_openmote-cc2538/clock.o
                0x0020408c                clock_adjust
 .text.rtimer_arch_next_trigger
                0x002040ac        0xc obj_openmote-cc2538/rtimer-arch.o
                0x002040ac                rtimer_arch_next_trigger
 .text.rtimer_arch_now
                0x002040b8       0x24 obj_openmote-cc2538/rtimer-arch.o
                0x002040b8                rtimer_arch_now
 .text.rtimer_arch_schedule
                0x002040dc       0x58 obj_openmote-cc2538/rtimer-arch.o
                0x002040dc                rtimer_arch_schedule
 .text.rtimer_isr
                0x00204134       0x2c obj_openmote-cc2538/rtimer-arch.o
                0x00204134                rtimer_isr
 .text.permit_pm1
                0x00204160       0x24 obj_openmote-cc2538/uart.o
 .text.uart_isr
                0x00204184       0x64 obj_openmote-cc2538/uart.o
 .text.uart_init
                0x002041e8      0x194 obj_openmote-cc2538/uart.o
                0x002041e8                uart_init
 .text.uart_set_input
                0x0020437c       0x10 obj_openmote-cc2538/uart.o
                0x0020437c                uart_set_input
 .text.uart_write_byte
                0x0020438c       0x1c obj_openmote-cc2538/uart.o
                0x0020438c                uart_write_byte
 .text.watchdog_init
                0x002043a8        0xc obj_openmote-cc2538/watchdog.o
                0x002043a8                watchdog_init
 .text.watchdog_start
                0x002043b4        0xc obj_openmote-cc2538/watchdog.o
                0x002043b4                watchdog_start
 .text.watchdog_periodic
                0x002043c0       0x10 obj_openmote-cc2538/watchdog.o
                0x002043c0                watchdog_periodic
 .text.nvic_init
                0x002043d0       0x10 obj_openmote-cc2538/nvic.o
                0x002043d0                nvic_init
 .text.sys_ctrl_get_reset_cause
                0x002043e0       0x10 obj_openmote-cc2538/sys-ctrl.o
                0x002043e0                sys_ctrl_get_reset_cause
 .text.sys_ctrl_get_reset_cause_str
                0x002043f0       0x14 obj_openmote-cc2538/sys-ctrl.o
                0x002043f0                sys_ctrl_get_reset_cause_str
 .text.sys_ctrl_init
                0x00204404       0x74 obj_openmote-cc2538/sys-ctrl.o
                0x00204404                sys_ctrl_init
 .text.sys_ctrl_get_sys_clock
                0x00204478       0x18 obj_openmote-cc2538/sys-ctrl.o
                0x00204478                sys_ctrl_get_sys_clock
 .text.sys_ctrl_get_io_clock
                0x00204490       0x18 obj_openmote-cc2538/sys-ctrl.o
                0x00204490                sys_ctrl_get_io_clock
 .text.gpio_register_callback
                0x002044a8       0x10 obj_openmote-cc2538/gpio.o
                0x002044a8                gpio_register_callback
 .text.notify   0x002044b8       0x30 obj_openmote-cc2538/gpio.o
                0x002044b8                notify
 .text.gpio_port_isr
                0x002044e8       0x4c obj_openmote-cc2538/gpio.o
 .text.gpio_init
                0x00204534       0x10 obj_openmote-cc2538/gpio.o
                0x00204534                gpio_init
 .text.ioc_init
                0x00204544       0x1c obj_openmote-cc2538/ioc.o
                0x00204544                ioc_init
 .text.ioc_set_over
                0x00204560       0x14 obj_openmote-cc2538/ioc.o
                0x00204560                ioc_set_over
 .text.ioc_set_sel
                0x00204574       0x14 obj_openmote-cc2538/ioc.o
                0x00204574                ioc_set_sel
 .text.adc_get  0x00204588       0x74 obj_openmote-cc2538/adc.o
                0x00204588                adc_get
 .text.permit_pm1
                0x002045fc       0x14 obj_openmote-cc2538/crypto.o
 .text.crypto_isr
                0x00204610       0x28 obj_openmote-cc2538/crypto.o
                0x00204610                crypto_isr
 .text.crypto_enable
                0x00204638       0x20 obj_openmote-cc2538/crypto.o
                0x00204638                crypto_enable
 .text.crypto_init
                0x00204658       0x3c obj_openmote-cc2538/crypto.o
                0x00204658                crypto_init
 .text.crypto_disable
                0x00204694       0x20 obj_openmote-cc2538/crypto.o
                0x00204694                crypto_disable
 .text.on       0x002046b4       0x2c obj_openmote-cc2538/cc2538-rf.o
 .text.off      0x002046e0       0x40 obj_openmote-cc2538/cc2538-rf.o
 .text.set_channel
                0x00204720       0x48 obj_openmote-cc2538/cc2538-rf.o
 .text.channel_clear
                0x00204768       0x3c obj_openmote-cc2538/cc2538-rf.o
 .text.receiving_packet
                0x002047a4       0x1c obj_openmote-cc2538/cc2538-rf.o
 .text.pending_packet
                0x002047c0       0x10 obj_openmote-cc2538/cc2538-rf.o
 .text.get_value
                0x002047d0      0x164 obj_openmote-cc2538/cc2538-rf.o
 .text.prepare  0x00204934       0x64 obj_openmote-cc2538/cc2538-rf.o
 .text.transmit
                0x00204998       0xa0 obj_openmote-cc2538/cc2538-rf.o
 .text.set_frame_filtering
                0x00204a38       0x18 obj_openmote-cc2538/cc2538-rf.o
 .text.set_object
                0x00204a50       0x34 obj_openmote-cc2538/cc2538-rf.o
 .text.read     0x00204a84       0xf0 obj_openmote-cc2538/cc2538-rf.o
 .text.get_object
                0x00204b74      0x13c obj_openmote-cc2538/cc2538-rf.o
 .text.set_poll_mode
                0x00204cb0       0x9c obj_openmote-cc2538/cc2538-rf.o
 .text.set_value
                0x00204d4c       0xec obj_openmote-cc2538/cc2538-rf.o
 .text.init     0x00204e38       0xc4 obj_openmote-cc2538/cc2538-rf.o
 .text.process_thread_cc2538_rf_process
                0x00204efc       0x90 obj_openmote-cc2538/cc2538-rf.o
 .text.cc2538_rf_rx_tx_isr
                0x00204f8c       0x24 obj_openmote-cc2538/cc2538-rf.o
                0x00204f8c                cc2538_rf_rx_tx_isr
 .text.cc2538_rf_err_isr
                0x00204fb0       0x2c obj_openmote-cc2538/cc2538-rf.o
                0x00204fb0                cc2538_rf_err_isr
 .text.udma_init
                0x00204fdc       0x34 obj_openmote-cc2538/udma.o
                0x00204fdc                udma_init
 .text.udma_set_channel_src
                0x00205010       0x10 obj_openmote-cc2538/udma.o
                0x00205010                udma_set_channel_src
 .text.udma_set_channel_dst
                0x00205020       0x14 obj_openmote-cc2538/udma.o
                0x00205020                udma_set_channel_dst
 .text.udma_set_channel_control_word
                0x00205034       0x14 obj_openmote-cc2538/udma.o
                0x00205034                udma_set_channel_control_word
 .text.udma_channel_enable
                0x00205048       0x18 obj_openmote-cc2538/udma.o
                0x00205048                udma_channel_enable
 .text.udma_channel_mask_set
                0x00205060       0x18 obj_openmote-cc2538/udma.o
                0x00205060                udma_channel_mask_set
 .text.udma_channel_sw_request
                0x00205078       0x18 obj_openmote-cc2538/udma.o
                0x00205078                udma_channel_sw_request
 .text.udma_channel_get_mode
                0x00205090       0x1c obj_openmote-cc2538/udma.o
                0x00205090                udma_channel_get_mode
 .text.udma_isr
                0x002050ac       0x10 obj_openmote-cc2538/udma.o
                0x002050ac                udma_isr
 .text.udma_err_isr
                0x002050bc        0xc obj_openmote-cc2538/udma.o
                0x002050bc                udma_err_isr
 .text.select_32_mhz_xosc
                0x002050c8       0x2c obj_openmote-cc2538/lpm.o
 .text.lpm_exit
                0x002050f4       0x30 obj_openmote-cc2538/lpm.o
                0x002050f4                lpm_exit
 .text.lpm_enter
                0x00205124       0xb4 obj_openmote-cc2538/lpm.o
                0x00205124                lpm_enter
 .text.lpm_register_peripheral
                0x002051d8       0x20 obj_openmote-cc2538/lpm.o
                0x002051d8                lpm_register_peripheral
 .text.lpm_init
                0x002051f8       0x24 obj_openmote-cc2538/lpm.o
                0x002051f8                lpm_init
 .text.pka_isr  0x0020521c       0x28 obj_openmote-cc2538/pka.o
                0x0020521c                pka_isr
 .text.ieee_addr_cpy_to
                0x00205244       0x70 obj_openmote-cc2538/ieee-addr.o
                0x00205244                ieee_addr_cpy_to
 .text.i2c_master_enable
                0x002052b4       0x10 obj_openmote-cc2538/i2c.o
                0x002052b4                i2c_master_enable
 .text.i2c_set_frequency
                0x002052c4       0x1c obj_openmote-cc2538/i2c.o
                0x002052c4                i2c_set_frequency
 .text.i2c_init
                0x002052e0       0xc8 obj_openmote-cc2538/i2c.o
                0x002052e0                i2c_init
 .text.i2c_master_command
                0x002053a8       0x10 obj_openmote-cc2538/i2c.o
                0x002053a8                i2c_master_command
 .text.i2c_master_error
                0x002053b8       0x1c obj_openmote-cc2538/i2c.o
                0x002053b8                i2c_master_error
 .text.i2c_single_send
                0x002053d4       0x28 obj_openmote-cc2538/i2c.o
                0x002053d4                i2c_single_send
 .text.i2c_single_receive
                0x002053fc       0x38 obj_openmote-cc2538/i2c.o
                0x002053fc                i2c_single_receive
 .text.i2c_burst_send
                0x00205434       0x8c obj_openmote-cc2538/i2c.o
                0x00205434                i2c_burst_send
 .text.i2c_burst_receive
                0x002054c0       0x90 obj_openmote-cc2538/i2c.o
                0x002054c0                i2c_burst_receive
 .text.printf   0x00205550       0x20 obj_openmote-cc2538/dbg-printf.o
                0x00205550                printf
 .text.vsnprintf
                0x00205570       0x28 obj_openmote-cc2538/dbg-snprintf.o
                0x00205570                vsnprintf
 .text.fill_space
                0x00205598       0x30 obj_openmote-cc2538/strformat.o
 .text.format_str_v
                0x002055c8      0x6c8 obj_openmote-cc2538/strformat.o
                0x002055c8                format_str_v
 .text.process_thread_ctimer_process
                0x00205c90       0x80 obj_openmote-cc2538/ctimer.o
 .text.ctimer_init
                0x00205d10       0x28 obj_openmote-cc2538/ctimer.o
                0x00205d10                ctimer_init
 .text.ctimer_set_with_process
                0x00205d38       0x44 obj_openmote-cc2538/ctimer.o
                0x00205d38                ctimer_set_with_process
 .text.ctimer_set
                0x00205d7c       0x14 obj_openmote-cc2538/ctimer.o
                0x00205d7c                ctimer_set
 .text.ctimer_reset
                0x00205d90       0x38 obj_openmote-cc2538/ctimer.o
                0x00205d90                ctimer_reset
 .text.ctimer_restart
                0x00205dc8       0x38 obj_openmote-cc2538/ctimer.o
                0x00205dc8                ctimer_restart
 .text.ctimer_stop
                0x00205e00       0x2c obj_openmote-cc2538/ctimer.o
                0x00205e00                ctimer_stop
 .text.update_time
                0x00205e2c       0x40 obj_openmote-cc2538/etimer.o
 .text.etimer_request_poll
                0x00205e6c        0xc obj_openmote-cc2538/etimer.o
                0x00205e6c                etimer_request_poll
 .text.process_thread_etimer_process
                0x00205e78       0x94 obj_openmote-cc2538/etimer.o
 .text.add_timer
                0x00205f0c       0x40 obj_openmote-cc2538/etimer.o
 .text.etimer_pending
                0x00205f4c       0x10 obj_openmote-cc2538/etimer.o
                0x00205f4c                etimer_pending
 .text.etimer_stop
                0x00205f5c       0x34 obj_openmote-cc2538/etimer.o
                0x00205f5c                etimer_stop
 .text.call_process.part.0
                0x00205f90       0x38 obj_openmote-cc2538/process.o
 .text.exit_process
                0x00205fc8       0x84 obj_openmote-cc2538/process.o
 .text.do_poll  0x0020604c       0x30 obj_openmote-cc2538/process.o
 .text.process_alloc_event
                0x0020607c       0x10 obj_openmote-cc2538/process.o
                0x0020607c                process_alloc_event
 .text.process_init
                0x0020608c       0x30 obj_openmote-cc2538/process.o
                0x0020608c                process_init
 .text.process_run
                0x002060bc       0x80 obj_openmote-cc2538/process.o
                0x002060bc                process_run
 .text.process_nevents
                0x0020613c       0x14 obj_openmote-cc2538/process.o
                0x0020613c                process_nevents
 .text.process_post
                0x00206150       0x3c obj_openmote-cc2538/process.o
                0x00206150                process_post
 .text.process_post_synch
                0x0020618c       0x14 obj_openmote-cc2538/process.o
                0x0020618c                process_post_synch
 .text.process_start
                0x002061a0       0x30 obj_openmote-cc2538/process.o
                0x002061a0                process_start
 .text.process_poll
                0x002061d0       0x1c obj_openmote-cc2538/process.o
                0x002061d0                process_poll
 .text.rtimer_run_next
                0x002061ec       0x28 obj_openmote-cc2538/rtimer.o
                0x002061ec                rtimer_run_next
 .text.stimer_expired
                0x00206214       0x20 obj_openmote-cc2538/stimer.o
                0x00206214                stimer_expired
 .text.leds_init
                0x00206234       0x14 obj_openmote-cc2538/leds.o
                0x00206234                leds_init
 .text.leds_on  0x00206248       0x10 obj_openmote-cc2538/leds.o
                0x00206248                leds_on
 .text.leds_off
                0x00206258       0x14 obj_openmote-cc2538/leds.o
                0x00206258                leds_off
 .text.leds_toggle
                0x0020626c       0x10 obj_openmote-cc2538/leds.o
                0x0020626c                leds_toggle
 .text.process_thread_serial_line_process
                0x0020627c       0x98 obj_openmote-cc2538/serial-line.o
 .text.serial_line_input_byte
                0x00206314       0x44 obj_openmote-cc2538/serial-line.o
                0x00206314                serial_line_input_byte
 .text.serial_line_init
                0x00206358       0x24 obj_openmote-cc2538/serial-line.o
                0x00206358                serial_line_init
 .text.random_rand
                0x0020637c       0x24 obj_openmote-cc2538/random.o
                0x0020637c                random_rand
 .text.random_init
                0x002063a0       0x7c obj_openmote-cc2538/random.o
                0x002063a0                random_init
 .text.process_thread_sensors_process
                0x0020641c       0xd4 obj_openmote-cc2538/sensors.o
 .text.sensors_changed
                0x002064f0       0x38 obj_openmote-cc2538/sensors.o
                0x002064f0                sensors_changed
 .text.clear_fragments
                0x00206528       0x3c obj_openmote-cc2538/sicslowpan.o
 .text.sicslowpan_init
                0x00206564       0x24 obj_openmote-cc2538/sicslowpan.o
                0x00206564                sicslowpan_init
 .text.compress_addr_64
                0x00206588       0x90 obj_openmote-cc2538/sicslowpan.o
 .text.set_packet_attrs
                0x00206618       0x44 obj_openmote-cc2538/sicslowpan.o
 .text.addr_context_lookup_by_prefix
                0x0020665c       0x24 obj_openmote-cc2538/sicslowpan.o
 .text.send_packet
                0x00206680       0x24 obj_openmote-cc2538/sicslowpan.o
 .text.packet_sent
                0x002066a4       0x28 obj_openmote-cc2538/sicslowpan.o
 .text.store_fragment
                0x002066cc       0x58 obj_openmote-cc2538/sicslowpan.o
 .text.uncompress_addr
                0x00206724       0x7c obj_openmote-cc2538/sicslowpan.o
 .text.output   0x002067a0      0x684 obj_openmote-cc2538/sicslowpan.o
 .text.add_fragment
                0x00206e24      0x118 obj_openmote-cc2538/sicslowpan.o
 .text.input    0x00206f3c      0x5b8 obj_openmote-cc2538/sicslowpan.o
 .text.upper_layer_chksum
                0x002074f4       0x54 obj_openmote-cc2538/uip6.o
 .text.ext_hdr_options_process
                0x00207548       0xa8 obj_openmote-cc2538/uip6.o
 .text.uip_init
                0x002075f0       0x34 obj_openmote-cc2538/uip6.o
                0x002075f0                uip_init
 .text.remove_ext_hdr
                0x00207624       0x58 obj_openmote-cc2538/uip6.o
                0x00207624                remove_ext_hdr
 .text.uip_udp_new
                0x0020767c       0x84 obj_openmote-cc2538/uip6.o
                0x0020767c                uip_udp_new
 .text.uip_process
                0x00207700      0x454 obj_openmote-cc2538/uip6.o
                0x00207700                uip_process
 .text.uip_ds6_prefix_add
                0x00207b54       0x60 obj_openmote-cc2538/uip-ds6.o
                0x00207b54                uip_ds6_prefix_add
 .text.uip_ds6_is_addr_onlink
                0x00207bb4       0x40 obj_openmote-cc2538/uip-ds6.o
                0x00207bb4                uip_ds6_is_addr_onlink
 .text.uip_ds6_addr_lookup
                0x00207bf4       0x2c obj_openmote-cc2538/uip-ds6.o
                0x00207bf4                uip_ds6_addr_lookup
 .text.uip_ds6_get_link_local
                0x00207c20       0x40 obj_openmote-cc2538/uip-ds6.o
                0x00207c20                uip_ds6_get_link_local
 .text.uip_ds6_maddr_add
                0x00207c60       0x4c obj_openmote-cc2538/uip-ds6.o
                0x00207c60                uip_ds6_maddr_add
 .text.uip_ds6_addr_add
                0x00207cac       0x98 obj_openmote-cc2538/uip-ds6.o
                0x00207cac                uip_ds6_addr_add
 .text.uip_ds6_maddr_lookup
                0x00207d44       0x2c obj_openmote-cc2538/uip-ds6.o
                0x00207d44                uip_ds6_maddr_lookup
 .text.uip_ds6_addr_rm
                0x00207d70       0x44 obj_openmote-cc2538/uip-ds6.o
                0x00207d70                uip_ds6_addr_rm
 .text.uip_ds6_periodic
                0x00207db4       0x4c obj_openmote-cc2538/uip-ds6.o
                0x00207db4                uip_ds6_periodic
 .text.uip_ds6_select_src
                0x00207e00       0x98 obj_openmote-cc2538/uip-ds6.o
                0x00207e00                uip_ds6_select_src
 .text.uip_ds6_compute_reachable_time
                0x00207e98       0x28 obj_openmote-cc2538/uip-ds6.o
                0x00207e98                uip_ds6_compute_reachable_time
 .text.uip_ds6_init
                0x00207ec0       0xe0 obj_openmote-cc2538/uip-ds6.o
                0x00207ec0                uip_ds6_init
 .text.uip_ds6_nbr_rm
                0x00207fa0       0x20 obj_openmote-cc2538/uip-ds6-nbr.o
                0x00207fa0                uip_ds6_nbr_rm
 .text.uip_ds6_neighbors_init
                0x00207fc0       0x1c obj_openmote-cc2538/uip-ds6-nbr.o
                0x00207fc0                uip_ds6_neighbors_init
 .text.uip_ds6_nbr_add
                0x00207fdc       0x3c obj_openmote-cc2538/uip-ds6-nbr.o
                0x00207fdc                uip_ds6_nbr_add
 .text.uip_ds6_nbr_get_ll
                0x00208018       0x10 obj_openmote-cc2538/uip-ds6-nbr.o
                0x00208018                uip_ds6_nbr_get_ll
 .text.uip_ds6_nbr_lookup
                0x00208028       0x38 obj_openmote-cc2538/uip-ds6-nbr.o
                0x00208028                uip_ds6_nbr_lookup
 .text.uip_ds6_nbr_ll_lookup
                0x00208060       0x10 obj_openmote-cc2538/uip-ds6-nbr.o
                0x00208060                uip_ds6_nbr_ll_lookup
 .text.uip_ds6_link_neighbor_callback
                0x00208070       0x34 obj_openmote-cc2538/uip-ds6-nbr.o
                0x00208070                uip_ds6_link_neighbor_callback
 .text.call_route_callback
                0x002080a4       0x48 obj_openmote-cc2538/uip-ds6-route.o
 .text.uip_ds6_route_init
                0x002080ec       0x4c obj_openmote-cc2538/uip-ds6-route.o
                0x002080ec                uip_ds6_route_init
 .text.uip_ds6_route_nexthop
                0x00208138       0x20 obj_openmote-cc2538/uip-ds6-route.o
                0x00208138                uip_ds6_route_nexthop
 .text.uip_ds6_route_head
                0x00208158        0xc obj_openmote-cc2538/uip-ds6-route.o
                0x00208158                uip_ds6_route_head
 .text.uip_ds6_route_is_nexthop
                0x00208164       0x20 obj_openmote-cc2538/uip-ds6-route.o
                0x00208164                uip_ds6_route_is_nexthop
 .text.uip_ds6_route_lookup
                0x00208184       0x64 obj_openmote-cc2538/uip-ds6-route.o
                0x00208184                uip_ds6_route_lookup
 .text.uip_ds6_route_rm
                0x002081e8       0x9c obj_openmote-cc2538/uip-ds6-route.o
                0x002081e8                uip_ds6_route_rm
 .text.rm_routelist
                0x00208284       0x30 obj_openmote-cc2538/uip-ds6-route.o
 .text.uip_ds6_route_add
                0x002082b4      0x110 obj_openmote-cc2538/uip-ds6-route.o
                0x002082b4                uip_ds6_route_add
 .text.uip_ds6_defrt_rm
                0x002083c4       0x44 obj_openmote-cc2538/uip-ds6-route.o
                0x002083c4                uip_ds6_defrt_rm
 .text.uip_ds6_defrt_lookup
                0x00208408       0x2c obj_openmote-cc2538/uip-ds6-route.o
                0x00208408                uip_ds6_defrt_lookup
 .text.uip_ds6_defrt_add
                0x00208434       0x64 obj_openmote-cc2538/uip-ds6-route.o
                0x00208434                uip_ds6_defrt_add
 .text.uip_ds6_defrt_choose
                0x00208498       0x30 obj_openmote-cc2538/uip-ds6-route.o
                0x00208498                uip_ds6_defrt_choose
 .text.uip_ds6_defrt_periodic
                0x002084c8       0x30 obj_openmote-cc2538/uip-ds6-route.o
                0x002084c8                uip_ds6_defrt_periodic
 .text.echo_reply_input
                0x002084f8       0x94 obj_openmote-cc2538/uip-icmp6.o
 .text.echo_request_input
                0x0020858c       0xc8 obj_openmote-cc2538/uip-icmp6.o
 .text.uip_icmp6_input
                0x00208654       0x38 obj_openmote-cc2538/uip-icmp6.o
                0x00208654                uip_icmp6_input
 .text.uip_icmp6_register_input_handler
                0x0020868c        0xc obj_openmote-cc2538/uip-icmp6.o
                0x0020868c                uip_icmp6_register_input_handler
 .text.uip_icmp6_error_output
                0x00208698      0x14c obj_openmote-cc2538/uip-icmp6.o
                0x00208698                uip_icmp6_error_output
 .text.uip_icmp6_send
                0x002087e4       0x90 obj_openmote-cc2538/uip-icmp6.o
                0x002087e4                uip_icmp6_send
 .text.uip_icmp6_init
                0x00208874       0x1c obj_openmote-cc2538/uip-icmp6.o
                0x00208874                uip_icmp6_init
 .text.ns_input
                0x00208890      0x274 obj_openmote-cc2538/uip-nd6.o
 .text.uip_nd6_init
                0x00208b04        0xc obj_openmote-cc2538/uip-nd6.o
                0x00208b04                uip_nd6_init
 .text.tcpip_output
                0x00208b10       0x14 obj_openmote-cc2538/tcpip.o
                0x00208b10                tcpip_output
 .text.tcpip_set_outputfunc
                0x00208b24        0xc obj_openmote-cc2538/tcpip.o
                0x00208b24                tcpip_set_outputfunc
 .text.udp_new  0x00208b30       0x18 obj_openmote-cc2538/tcpip.o
                0x00208b30                udp_new
 .text.tcpip_icmp6_call
                0x00208b48       0x28 obj_openmote-cc2538/tcpip.o
                0x00208b48                tcpip_icmp6_call
 .text.tcpip_input
                0x00208b70       0x24 obj_openmote-cc2538/tcpip.o
                0x00208b70                tcpip_input
 .text.tcpip_ipv6_output
                0x00208b94       0xb4 obj_openmote-cc2538/tcpip.o
                0x00208b94                tcpip_ipv6_output
 .text.process_thread_tcpip_process
                0x00208c48       0xdc obj_openmote-cc2538/tcpip.o
 .text.tcpip_uipcall
                0x00208d24       0x2c obj_openmote-cc2538/tcpip.o
                0x00208d24                tcpip_uipcall
 .text.uip_debug_ipaddr_print
                0x00208d50       0xa0 obj_openmote-cc2538/uip-debug.o
                0x00208d50                uip_debug_ipaddr_print
 .text.uip_udp_packet_send
                0x00208df0       0x34 obj_openmote-cc2538/uip-udp-packet.o
                0x00208df0                uip_udp_packet_send
 .text.rpl_get_mode
                0x00208e24        0xc obj_openmote-cc2538/rpl.o
                0x00208e24                rpl_get_mode
 .text.rpl_purge_routes
                0x00208e30       0x68 obj_openmote-cc2538/rpl.o
                0x00208e30                rpl_purge_routes
 .text.rpl_link_neighbor_callback
                0x00208e98       0x54 obj_openmote-cc2538/rpl.o
                0x00208e98                rpl_link_neighbor_callback
 .text.rpl_ipv6_neighbor_callback
                0x00208eec       0x28 obj_openmote-cc2538/rpl.o
                0x00208eec                rpl_ipv6_neighbor_callback
 .text.rpl_purge_dags
                0x00208f14       0x3c obj_openmote-cc2538/rpl.o
                0x00208f14                rpl_purge_dags
 .text.rpl_init
                0x00208f50       0x4c obj_openmote-cc2538/rpl.o
                0x00208f50                rpl_init
 .text.rpl_set_preferred_parent
                0x00208f9c       0x28 obj_openmote-cc2538/rpl-dag.o
 .text.set_ip_from_prefix
                0x00208fc4       0x2c obj_openmote-cc2538/rpl-dag.o
 .text.find_parent_any_dag_any_instance
                0x00208ff0       0x1c obj_openmote-cc2538/rpl-dag.o
 .text.rpl_dag_init
                0x0020900c       0x14 obj_openmote-cc2538/rpl-dag.o
                0x0020900c                rpl_dag_init
 .text.rpl_get_parent
                0x00209020       0x10 obj_openmote-cc2538/rpl-dag.o
                0x00209020                rpl_get_parent
 .text.rpl_get_parent_lladdr
                0x00209030       0x10 obj_openmote-cc2538/rpl-dag.o
                0x00209030                rpl_get_parent_lladdr
 .text.best_parent
                0x00209040       0x80 obj_openmote-cc2538/rpl-dag.o
 .text.rpl_alloc_instance
                0x002090c0       0x34 obj_openmote-cc2538/rpl-dag.o
                0x002090c0                rpl_alloc_instance
 .text.rpl_add_parent
                0x002090f4       0x30 obj_openmote-cc2538/rpl-dag.o
                0x002090f4                rpl_add_parent
 .text.rpl_remove_parent
                0x00209124       0x1c obj_openmote-cc2538/rpl-dag.o
                0x00209124                rpl_remove_parent
 .text.remove_parents.constprop.3
                0x00209140       0x2c obj_openmote-cc2538/rpl-dag.o
 .text.rpl_get_dag
                0x0020916c       0x3c obj_openmote-cc2538/rpl-dag.o
                0x0020916c                rpl_get_dag
 .text.rpl_get_any_dag
                0x002091a8       0x18 obj_openmote-cc2538/rpl-dag.o
                0x002091a8                rpl_get_any_dag
 .text.rpl_get_instance
                0x002091c0       0x1c obj_openmote-cc2538/rpl-dag.o
                0x002091c0                rpl_get_instance
 .text.rpl_find_of
                0x002091dc       0x14 obj_openmote-cc2538/rpl-dag.o
                0x002091dc                rpl_find_of
 .text.rpl_join_instance
                0x002091f0      0x13c obj_openmote-cc2538/rpl-dag.o
                0x002091f0                rpl_join_instance
 .text.rpl_local_repair
                0x0020932c       0x7c obj_openmote-cc2538/rpl-dag.o
                0x0020932c                rpl_local_repair
 .text.rpl_recalculate_ranks
                0x002093a8       0x3c obj_openmote-cc2538/rpl-dag.o
                0x002093a8                rpl_recalculate_ranks
 .text.update_hbh_header
                0x002093e4       0xc4 obj_openmote-cc2538/rpl-ext-header.o
 .text.insert_hbh_header
                0x002094a8       0x98 obj_openmote-cc2538/rpl-ext-header.o
 .text.rpl_verify_hbh_header
                0x00209540       0xec obj_openmote-cc2538/rpl-ext-header.o
                0x00209540                rpl_verify_hbh_header
 .text.rpl_remove_header
                0x0020962c       0x78 obj_openmote-cc2538/rpl-ext-header.o
                0x0020962c                rpl_remove_header
 .text.rpl_update_header
                0x002096a4       0x70 obj_openmote-cc2538/rpl-ext-header.o
                0x002096a4                rpl_update_header
 .text.dao_ack_input
                0x00209714       0x14 obj_openmote-cc2538/rpl-icmp6.o
 .text.dio_input
                0x00209728      0x248 obj_openmote-cc2538/rpl-icmp6.o
 .text.dao_input
                0x00209970      0x284 obj_openmote-cc2538/rpl-icmp6.o
 .text.dis_output
                0x00209bf4       0x54 obj_openmote-cc2538/rpl-icmp6.o
                0x00209bf4                dis_output
 .text.dio_output
                0x00209c48      0x218 obj_openmote-cc2538/rpl-icmp6.o
                0x00209c48                dio_output
 .text.dis_input
                0x00209e60       0x50 obj_openmote-cc2538/rpl-icmp6.o
 .text.dao_output_target
                0x00209eb0      0x100 obj_openmote-cc2538/rpl-icmp6.o
                0x00209eb0                dao_output_target
 .text.dao_output
                0x00209fb0       0x90 obj_openmote-cc2538/rpl-icmp6.o
                0x00209fb0                dao_output
 .text.rpl_icmp6_register_handlers
                0x0020a040       0x30 obj_openmote-cc2538/rpl-icmp6.o
                0x0020a040                rpl_icmp6_register_handlers
 .text.update_nbr
                0x0020a070      0x10c obj_openmote-cc2538/rpl-nbr-policy.o
 .text.handle_periodic_timer
                0x0020a17c       0x14 obj_openmote-cc2538/rpl-nbr-policy.o
 .text.find_removable_dis
                0x0020a190       0x20 obj_openmote-cc2538/rpl-nbr-policy.o
                0x0020a190                find_removable_dis
 .text.find_removable_dio
                0x0020a1b0       0x40 obj_openmote-cc2538/rpl-nbr-policy.o
                0x0020a1b0                find_removable_dio
 .text.find_removable_dao
                0x0020a1f0       0x38 obj_openmote-cc2538/rpl-nbr-policy.o
                0x0020a1f0                find_removable_dao
 .text.rpl_nbr_policy_find_removable
                0x0020a228       0x28 obj_openmote-cc2538/rpl-nbr-policy.o
                0x0020a228                rpl_nbr_policy_find_removable
 .text.new_dio_interval
                0x0020a250       0x58 obj_openmote-cc2538/rpl-timers.o
 .text.handle_periodic_timer
                0x0020a2a8       0x4c obj_openmote-cc2538/rpl-timers.o
 .text.set_dao_lifetime_timer
                0x0020a2f4       0x44 obj_openmote-cc2538/rpl-timers.o
 .text.handle_dio_timer
                0x0020a338       0x80 obj_openmote-cc2538/rpl-timers.o
 .text.schedule_dao
                0x0020a3b8       0x54 obj_openmote-cc2538/rpl-timers.o
 .text.handle_dao_timer
                0x0020a40c       0x58 obj_openmote-cc2538/rpl-timers.o
 .text.rpl_reset_periodic_timer
                0x0020a464       0x34 obj_openmote-cc2538/rpl-timers.o
                0x0020a464                rpl_reset_periodic_timer
 .text.rpl_schedule_unicast_dio_immediately
                0x0020a498       0x14 obj_openmote-cc2538/rpl-timers.o
                0x0020a498                rpl_schedule_unicast_dio_immediately
 .text.get_probing_target
                0x0020a4ac       0xcc obj_openmote-cc2538/rpl-timers.o
                0x0020a4ac                get_probing_target
 .text.rpl_schedule_probing
                0x0020a578       0x20 obj_openmote-cc2538/rpl-timers.o
                0x0020a578                rpl_schedule_probing
 .text.periodic
                0x0020a598       0x2c obj_openmote-cc2538/link-stats.o
 .text.link_stats_from_lladdr
                0x0020a5c4        0xc obj_openmote-cc2538/link-stats.o
                0x0020a5c4                link_stats_from_lladdr
 .text.link_stats_packet_sent
                0x0020a5d0       0x78 obj_openmote-cc2538/link-stats.o
                0x0020a5d0                link_stats_packet_sent
 .text.link_stats_input_callback
                0x0020a648       0x4c obj_openmote-cc2538/link-stats.o
                0x0020a648                link_stats_input_callback
 .text.link_stats_init
                0x0020a694       0x28 obj_openmote-cc2538/link-stats.o
                0x0020a694                link_stats_init
 .text.index_from_key
                0x0020a6bc       0x20 obj_openmote-cc2538/nbr-table.o
 .text.index_from_lladdr
                0x0020a6dc       0x40 obj_openmote-cc2538/nbr-table.o
 .text.key_from_item
                0x0020a71c       0x2c obj_openmote-cc2538/nbr-table.o
 .text.nbr_get_bit.constprop.0
                0x0020a748       0x30 obj_openmote-cc2538/nbr-table.o
 .text.remove_key
                0x0020a778       0x58 obj_openmote-cc2538/nbr-table.o
 .text.nbr_table_register
                0x0020a7d0       0x28 obj_openmote-cc2538/nbr-table.o
                0x0020a7d0                nbr_table_register
 .text.nbr_table_head
                0x0020a7f8       0x34 obj_openmote-cc2538/nbr-table.o
                0x0020a7f8                nbr_table_head
 .text.nbr_table_add_lladdr
                0x0020a82c      0x118 obj_openmote-cc2538/nbr-table.o
                0x0020a82c                nbr_table_add_lladdr
 .text.nbr_table_remove
                0x0020a944       0x2c obj_openmote-cc2538/nbr-table.o
                0x0020a944                nbr_table_remove
 .text.nbr_table_lock
                0x0020a970       0x14 obj_openmote-cc2538/nbr-table.o
                0x0020a970                nbr_table_lock
 .text.nbr_table_unlock
                0x0020a984       0x14 obj_openmote-cc2538/nbr-table.o
                0x0020a984                nbr_table_unlock
 .text.nbr_table_update_lladdr
                0x0020a998       0x4c obj_openmote-cc2538/nbr-table.o
                0x0020a998                nbr_table_update_lladdr
 .text.netstack_init
                0x0020a9e4       0x38 obj_openmote-cc2538/netstack.o
                0x0020a9e4                netstack_init
 .text.packetbuf_hdrreduce
                0x0020aa1c       0x28 obj_openmote-cc2538/packetbuf.o
                0x0020aa1c                packetbuf_hdrreduce
 .text.packetbuf_set_datalen
                0x0020aa44        0xc obj_openmote-cc2538/packetbuf.o
                0x0020aa44                packetbuf_set_datalen
 .text.packetbuf_hdrptr
                0x0020aa50        0x8 obj_openmote-cc2538/packetbuf.o
                0x0020aa50                packetbuf_hdrptr
 .text.packetbuf_datalen
                0x0020aa58        0xc obj_openmote-cc2538/packetbuf.o
                0x0020aa58                packetbuf_datalen
 .text.packetbuf_hdrlen
                0x0020aa64       0x18 obj_openmote-cc2538/packetbuf.o
                0x0020aa64                packetbuf_hdrlen
 .text.packetbuf_dataptr
                0x0020aa7c       0x10 obj_openmote-cc2538/packetbuf.o
                0x0020aa7c                packetbuf_dataptr
 .text.packetbuf_copyto
                0x0020aa8c       0x40 obj_openmote-cc2538/packetbuf.o
                0x0020aa8c                packetbuf_copyto
 .text.packetbuf_totlen
                0x0020aacc       0x14 obj_openmote-cc2538/packetbuf.o
                0x0020aacc                packetbuf_totlen
 .text.packetbuf_hdralloc
                0x0020aae0       0x3c obj_openmote-cc2538/packetbuf.o
                0x0020aae0                packetbuf_hdralloc
 .text.packetbuf_attr_clear
                0x0020ab1c       0x34 obj_openmote-cc2538/packetbuf.o
                0x0020ab1c                packetbuf_attr_clear
 .text.packetbuf_clear
                0x0020ab50       0x20 obj_openmote-cc2538/packetbuf.o
                0x0020ab50                packetbuf_clear
 .text.packetbuf_copyfrom
                0x0020ab70       0x2c obj_openmote-cc2538/packetbuf.o
                0x0020ab70                packetbuf_copyfrom
 .text.packetbuf_attr_copyto
                0x0020ab9c       0x34 obj_openmote-cc2538/packetbuf.o
                0x0020ab9c                packetbuf_attr_copyto
 .text.packetbuf_attr_copyfrom
                0x0020abd0       0x34 obj_openmote-cc2538/packetbuf.o
                0x0020abd0                packetbuf_attr_copyfrom
 .text.packetbuf_set_attr
                0x0020ac04       0x10 obj_openmote-cc2538/packetbuf.o
                0x0020ac04                packetbuf_set_attr
 .text.packetbuf_attr
                0x0020ac14        0xc obj_openmote-cc2538/packetbuf.o
                0x0020ac14                packetbuf_attr
 .text.packetbuf_set_addr
                0x0020ac20       0x18 obj_openmote-cc2538/packetbuf.o
                0x0020ac20                packetbuf_set_addr
 .text.packetbuf_addr
                0x0020ac38       0x10 obj_openmote-cc2538/packetbuf.o
                0x0020ac38                packetbuf_addr
 .text.packetbuf_holds_broadcast
                0x0020ac48       0x10 obj_openmote-cc2538/packetbuf.o
                0x0020ac48                packetbuf_holds_broadcast
 .text.queuebuf_init
                0x0020ac58       0x1c obj_openmote-cc2538/queuebuf.o
                0x0020ac58                queuebuf_init
 .text.queuebuf_numfree
                0x0020ac74        0xc obj_openmote-cc2538/queuebuf.o
                0x0020ac74                queuebuf_numfree
 .text.queuebuf_new_from_packetbuf
                0x0020ac80       0x44 obj_openmote-cc2538/queuebuf.o
                0x0020ac80                queuebuf_new_from_packetbuf
 .text.queuebuf_free
                0x0020acc4       0x2c obj_openmote-cc2538/queuebuf.o
                0x0020acc4                queuebuf_free
 .text.queuebuf_to_packetbuf
                0x0020acf0       0x30 obj_openmote-cc2538/queuebuf.o
                0x0020acf0                queuebuf_to_packetbuf
 .text.input_packet
                0x0020ad20       0x10 obj_openmote-cc2538/csma.o
 .text.on       0x0020ad30       0x10 obj_openmote-cc2538/csma.o
 .text.off      0x0020ad40       0x10 obj_openmote-cc2538/csma.o
 .text.channel_check_interval
                0x0020ad50       0x10 obj_openmote-cc2538/csma.o
 .text.transmit_packet_list
                0x0020ad60       0x24 obj_openmote-cc2538/csma.o
 .text.schedule_transmission
                0x0020ad84       0x4c obj_openmote-cc2538/csma.o
 .text.send_packet
                0x0020add0      0x138 obj_openmote-cc2538/csma.o
 .text.init     0x0020af08       0x24 obj_openmote-cc2538/csma.o
 .text.tx_done  0x0020af2c       0x88 obj_openmote-cc2538/csma.o
 .text.frame802154_get_pan_id
                0x0020afb4        0xc obj_openmote-cc2538/frame802154.o
                0x0020afb4                frame802154_get_pan_id
 .text.frame802154_parse
                0x0020afc0      0x10c obj_openmote-cc2538/frame802154.o
                0x0020afc0                frame802154_parse
 .text.create_frame.isra.0
                0x0020b0cc      0x12c obj_openmote-cc2538/framer-802154.o
 .text.mac_sequence_is_duplicate
                0x0020b1f8       0x4c obj_openmote-cc2538/mac-sequence.o
                0x0020b1f8                mac_sequence_is_duplicate
 .text.mac_sequence_register_seqno
                0x0020b244       0x5c obj_openmote-cc2538/mac-sequence.o
                0x0020b244                mac_sequence_register_seqno
 .text.on       0x0020b2a0       0x10 obj_openmote-cc2538/nullrdc.o
 .text.send_one_packet
                0x0020b2b0      0x118 obj_openmote-cc2538/nullrdc.o
 .text.off      0x0020b3c8       0x14 obj_openmote-cc2538/nullrdc.o
 .text.packet_input
                0x0020b3dc       0x4c obj_openmote-cc2538/nullrdc.o
 .text.input    0x0020b428       0x10 obj_openmote-cc2538/nullsec.o
 .text.send     0x0020b438       0x20 obj_openmote-cc2538/nullsec.o
 .text.process_thread_er_example_server
                0x0020b458      0x1fc er-example-server.co
 .text.res_event_handler
                0x0020b654       0x20 obj_openmote-cc2538/res-event.o
 .text.res_get_handler
                0x0020b674       0x3c obj_openmote-cc2538/res-event.o
 .text.res_periodic_handler
                0x0020b6b0       0x20 obj_openmote-cc2538/res-push.o
 .text.res_get_handler
                0x0020b6d0       0x4c obj_openmote-cc2538/res-push.o
 .text.res_post_put_handler
                0x0020b71c       0xb8 obj_openmote-cc2538/res-leds.o
 .text.res_get_handler
                0x0020b7d4      0x134 obj_openmote-cc2538/res-adxl346.o
 .text.res_get_handler
                0x0020b908       0x38 obj_openmote-cc2538/res-separate.o
 .text.res_resume_handler
                0x0020b940       0x70 obj_openmote-cc2538/res-separate.o
 .text.res_get_handler
                0x0020b9b0       0xd4 obj_openmote-cc2538/res-max44009.o
 .text.res_get_handler
                0x0020ba84      0x140 obj_openmote-cc2538/res-sht21.o
 .text.res_get_handler
                0x0020bbc4       0x68 obj_openmote-cc2538/res-hello.o
 .text.res_get_handler
                0x0020bc2c       0x84 obj_openmote-cc2538/res-sub.o
 .text          0x0020bcb0       0x2c /usr/lib/gcc/arm-none-eabi/4.8.2/armv7-m/libgcc.a(_aeabi_uldivmod.o)
                0x0020bcb0                __aeabi_uldivmod
 .text          0x0020bcdc       0x60 /usr/lib/gcc/arm-none-eabi/4.8.2/armv7-m/libgcc.a(bpabi.o)
                0x0020bcdc                __gnu_ldivmod_helper
                0x0020bd0c                __gnu_uldivmod_helper
 .text          0x0020bd3c        0x4 /usr/lib/gcc/arm-none-eabi/4.8.2/armv7-m/libgcc.a(_dvmd_tls.o)
                0x0020bd3c                __aeabi_ldiv0
                0x0020bd3c                __aeabi_idiv0
 .text          0x0020bd40      0x2bc /usr/lib/gcc/arm-none-eabi/4.8.2/armv7-m/libgcc.a(_divdi3.o)
                0x0020bd40                __divdi3
 .text          0x0020bffc      0x284 /usr/lib/gcc/arm-none-eabi/4.8.2/armv7-m/libgcc.a(_udivdi3.o)
                0x0020bffc                __udivdi3
 .text.atoi     0x0020c280        0x8 /usr/lib/gcc/arm-none-eabi/4.8.2/../../../arm-none-eabi/lib/armv7-m/libc.a(lib_a-atoi.o)
                0x0020c280                atoi
 .text.memchr   0x0020c288       0x94 /usr/lib/gcc/arm-none-eabi/4.8.2/../../../arm-none-eabi/lib/armv7-m/libc.a(lib_a-memchr-stub.o)
                0x0020c288                memchr
 .text.memcmp   0x0020c31c       0x68 /usr/lib/gcc/arm-none-eabi/4.8.2/../../../arm-none-eabi/lib/armv7-m/libc.a(lib_a-memcmp.o)
                0x0020c31c                memcmp
 .text          0x0020c384       0xec /usr/lib/gcc/arm-none-eabi/4.8.2/../../../arm-none-eabi/lib/armv7-m/libc.a(lib_a-memcpy.o)
                0x0020c384                memcpy
 .text.memmove  0x0020c470       0xcc /usr/lib/gcc/arm-none-eabi/4.8.2/../../../arm-none-eabi/lib/armv7-m/libc.a(lib_a-memmove.o)
                0x0020c470                memmove
 .text.memset   0x0020c53c       0x94 /usr/lib/gcc/arm-none-eabi/4.8.2/../../../arm-none-eabi/lib/armv7-m/libc.a(lib_a-memset.o)
                0x0020c53c                memset
 .text.strchr   0x0020c5d0       0xf4 /usr/lib/gcc/arm-none-eabi/4.8.2/../../../arm-none-eabi/lib/armv7-m/libc.a(lib_a-strchr.o)
                0x0020c5d0                strchr
 .text.strcpy   0x0020c6c4       0xbc /usr/lib/gcc/arm-none-eabi/4.8.2/../../../arm-none-eabi/lib/armv7-m/libc.a(lib_a-strcpy.o)
                0x0020c6c4                strcpy
 .text.strlen   0x0020c780       0x60 /usr/lib/gcc/arm-none-eabi/4.8.2/../../../arm-none-eabi/lib/armv7-m/libc.a(lib_a-strlen.o)
                0x0020c780                strlen
 .text.strncmp  0x0020c7e0       0xb4 /usr/lib/gcc/arm-none-eabi/4.8.2/../../../arm-none-eabi/lib/armv7-m/libc.a(lib_a-strncmp.o)
                0x0020c7e0                strncmp
 .text.strncpy  0x0020c894       0x68 /usr/lib/gcc/arm-none-eabi/4.8.2/../../../arm-none-eabi/lib/armv7-m/libc.a(lib_a-strncpy.o)
                0x0020c894                strncpy
 .text._strtol_r
                0x0020c8fc      0x124 /usr/lib/gcc/arm-none-eabi/4.8.2/../../../arm-none-eabi/lib/armv7-m/libc.a(lib_a-strtol.o)
                0x0020c8fc                _strtol_r
 .text.strtol   0x0020ca20       0x1c /usr/lib/gcc/arm-none-eabi/4.8.2/../../../arm-none-eabi/lib/armv7-m/libc.a(lib_a-strtol.o)
                0x0020ca20                strtol
 .text.default_handler
                0x0020ca3c        0x2 obj_openmote-cc2538/startup-gcc.o
                0x0020ca3c                default_handler
 .text.nmi_handler
                0x0020ca3e        0x6 obj_openmote-cc2538/startup-gcc.o
                0x0020ca3e                nmi_handler
 .text.coap_parse_int_option
                0x0020ca44       0x18 obj_openmote-cc2538/er-coap.o
 .text.coap_merge_multi_option
                0x0020ca5c       0x30 obj_openmote-cc2538/er-coap.o
 .text.coap_get_variable
                0x0020ca8c       0x6a obj_openmote-cc2538/er-coap.o
 .text.coap_set_option_header
                0x0020caf6       0x78 obj_openmote-cc2538/er-coap.o
 .text.coap_serialize_int_option
                0x0020cb6e       0x60 obj_openmote-cc2538/er-coap.o
 .text.coap_serialize_array_option.part.0
                0x0020cbce       0x20 obj_openmote-cc2538/er-coap.o
 .text.coap_serialize_array_option
                0x0020cbee       0x72 obj_openmote-cc2538/er-coap.o
 .text.coap_init_message
                0x0020cc60       0x1a obj_openmote-cc2538/er-coap.o
                0x0020cc60                coap_init_message
 .text.coap_get_query_variable
                0x0020cc7a       0x26 obj_openmote-cc2538/er-coap.o
                0x0020cc7a                coap_get_query_variable
 .text.coap_get_post_variable
                0x0020cca0       0x1e obj_openmote-cc2538/er-coap.o
                0x0020cca0                coap_get_post_variable
 .text.coap_set_status_code
                0x0020ccbe        0xe obj_openmote-cc2538/er-coap.o
                0x0020ccbe                coap_set_status_code
 .text.coap_set_token
                0x0020cccc       0x16 obj_openmote-cc2538/er-coap.o
                0x0020cccc                coap_set_token
 .text.coap_get_header_content_format
                0x0020cce2       0x18 obj_openmote-cc2538/er-coap.o
                0x0020cce2                coap_get_header_content_format
 .text.coap_set_header_content_format
                0x0020ccfa        0xe obj_openmote-cc2538/er-coap.o
                0x0020ccfa                coap_set_header_content_format
 .text.coap_get_header_accept
                0x0020cd08       0x1a obj_openmote-cc2538/er-coap.o
                0x0020cd08                coap_get_header_accept
 .text.coap_get_header_max_age
                0x0020cd22       0x10 obj_openmote-cc2538/er-coap.o
                0x0020cd22                coap_get_header_max_age
 .text.coap_set_header_max_age
                0x0020cd32        0xe obj_openmote-cc2538/er-coap.o
                0x0020cd32                coap_set_header_max_age
 .text.coap_set_header_etag
                0x0020cd40       0x22 obj_openmote-cc2538/er-coap.o
                0x0020cd40                coap_set_header_etag
 .text.coap_get_header_if_match
                0x0020cd62       0x1c obj_openmote-cc2538/er-coap.o
                0x0020cd62                coap_get_header_if_match
 .text.coap_get_header_if_none_match
                0x0020cd7e        0x8 obj_openmote-cc2538/er-coap.o
                0x0020cd7e                coap_get_header_if_none_match
 .text.coap_get_header_uri_host
                0x0020cd86       0x18 obj_openmote-cc2538/er-coap.o
                0x0020cd86                coap_get_header_uri_host
 .text.coap_get_header_uri_path
                0x0020cd9e       0x18 obj_openmote-cc2538/er-coap.o
                0x0020cd9e                coap_get_header_uri_path
 .text.coap_set_header_uri_path
                0x0020cdb6       0x20 obj_openmote-cc2538/er-coap.o
                0x0020cdb6                coap_set_header_uri_path
 .text.coap_get_header_uri_query
                0x0020cdd6       0x18 obj_openmote-cc2538/er-coap.o
                0x0020cdd6                coap_get_header_uri_query
 .text.coap_set_header_location_query
                0x0020cdee       0x20 obj_openmote-cc2538/er-coap.o
                0x0020cdee                coap_set_header_location_query
 .text.coap_set_header_location_path
                0x0020ce0e       0x40 obj_openmote-cc2538/er-coap.o
                0x0020ce0e                coap_set_header_location_path
 .text.coap_get_header_observe
                0x0020ce4e       0x18 obj_openmote-cc2538/er-coap.o
                0x0020ce4e                coap_get_header_observe
 .text.coap_set_header_observe
                0x0020ce66        0xe obj_openmote-cc2538/er-coap.o
                0x0020ce66                coap_set_header_observe
 .text.coap_get_header_block2
                0x0020ce74       0x32 obj_openmote-cc2538/er-coap.o
                0x0020ce74                coap_get_header_block2
 .text.coap_set_header_block2
                0x0020cea6       0x34 obj_openmote-cc2538/er-coap.o
                0x0020cea6                coap_set_header_block2
 .text.coap_set_header_block1
                0x0020ceda       0x30 obj_openmote-cc2538/er-coap.o
                0x0020ceda                coap_set_header_block1
 .text.coap_get_header_size2
                0x0020cf0a       0x1a obj_openmote-cc2538/er-coap.o
                0x0020cf0a                coap_get_header_size2
 .text.coap_set_header_size2
                0x0020cf24       0x10 obj_openmote-cc2538/er-coap.o
                0x0020cf24                coap_set_header_size2
 .text.coap_get_payload
                0x0020cf34       0x12 obj_openmote-cc2538/er-coap.o
                0x0020cf34                coap_get_payload
 .text.coap_set_payload
                0x0020cf46       0x14 obj_openmote-cc2538/er-coap.o
                0x0020cf46                coap_set_payload
 .text.coap_get_rest_method
                0x0020cf5a        0xe obj_openmote-cc2538/er-coap-engine.o
                0x0020cf5a                coap_get_rest_method
 .text.coap_notify_observers
                0x0020cf68        0x6 obj_openmote-cc2538/er-coap-observe.o
                0x0020cf68                coap_notify_observers
 .text.coap_separate_resume
                0x0020cf6e       0x30 obj_openmote-cc2538/er-coap-separate.o
                0x0020cf6e                coap_separate_resume
 .text.fade     0x0020cf9e       0x54 obj_openmote-cc2538/contiki-main.o
 .text.board_init
                0x0020cff2        0x4 obj_openmote-cc2538/board.o
                0x0020cff2                board_init
 .text.adxl346_read_accel
                0x0020cff6       0x3a obj_openmote-cc2538/adxl346.o
 .text.max44009_read_light
                0x0020d030       0x44 obj_openmote-cc2538/max44009.o
 .text.sht21_read_temperature
                0x0020d074       0x2a obj_openmote-cc2538/sht21.o
 .text.sht21_read_humidity
                0x0020d09e       0x2a obj_openmote-cc2538/sht21.o
 .text.clock_isr
                0x0020d0c8        0x4 obj_openmote-cc2538/clock.o
                0x0020d0c8                clock_isr
 .text.rtimer_arch_init
                0x0020d0cc        0x2 obj_openmote-cc2538/rtimer-arch.o
                0x0020d0cc                rtimer_arch_init
 .text.uart0_isr
                0x0020d0ce        0x6 obj_openmote-cc2538/uart.o
                0x0020d0ce                uart0_isr
 .text.uart1_isr
                0x0020d0d4        0x6 obj_openmote-cc2538/uart.o
                0x0020d0d4                uart1_isr
 .text.gpio_port_a_isr
                0x0020d0da        0x6 obj_openmote-cc2538/gpio.o
                0x0020d0da                gpio_port_a_isr
 .text.gpio_port_b_isr
                0x0020d0e0        0x6 obj_openmote-cc2538/gpio.o
                0x0020d0e0                gpio_port_b_isr
 .text.gpio_port_c_isr
                0x0020d0e6        0x6 obj_openmote-cc2538/gpio.o
                0x0020d0e6                gpio_port_c_isr
 .text.gpio_port_d_isr
                0x0020d0ec        0x6 obj_openmote-cc2538/gpio.o
                0x0020d0ec                gpio_port_d_isr
 .text.send     0x0020d0f2       0x12 obj_openmote-cc2538/cc2538-rf.o
 .text.putchar  0x0020d104       0x10 obj_openmote-cc2538/dbg.o
                0x0020d104                putchar
 .text.dbg_send_bytes
                0x0020d114       0x22 obj_openmote-cc2538/dbg.o
                0x0020d114                dbg_send_bytes
 .text.puts     0x0020d136       0x20 obj_openmote-cc2538/dbg.o
                0x0020d136                puts
 .text.configure
                0x0020d156        0x4 obj_openmote-cc2538/cc2538-temp-sensor.o
 .text.status   0x0020d15a        0x4 obj_openmote-cc2538/cc2538-temp-sensor.o
 .text.value    0x0020d15e       0x34 obj_openmote-cc2538/cc2538-temp-sensor.o
 .text.write_str
                0x0020d192       0x10 obj_openmote-cc2538/dbg-printf.o
 .text.buffer_str
                0x0020d1a2       0x28 obj_openmote-cc2538/dbg-snprintf.o
 .text.snprintf
                0x0020d1ca       0x1a obj_openmote-cc2538/dbg-snprintf.o
                0x0020d1ca                snprintf
 .text.autostart_start
                0x0020d1e4       0x14 obj_openmote-cc2538/autostart.o
                0x0020d1e4                autostart_start
 .text.energest_init
                0x0020d1f8        0x2 obj_openmote-cc2538/energest.o
                0x0020d1f8                energest_init
 .text.etimer_set
                0x0020d1fa       0x12 obj_openmote-cc2538/etimer.o
                0x0020d1fa                etimer_set
 .text.etimer_reset
                0x0020d20c       0x12 obj_openmote-cc2538/etimer.o
                0x0020d20c                etimer_reset
 .text.etimer_restart
                0x0020d21e       0x12 obj_openmote-cc2538/etimer.o
                0x0020d21e                etimer_restart
 .text.etimer_expired
                0x0020d230        0xc obj_openmote-cc2538/etimer.o
                0x0020d230                etimer_expired
 .text.etimer_expiration_time
                0x0020d23c        0x6 obj_openmote-cc2538/etimer.o
                0x0020d23c                etimer_expiration_time
 .text.call_process
                0x0020d242        0xc obj_openmote-cc2538/process.o
 .text.process_is_running
                0x0020d24e        0xa obj_openmote-cc2538/process.o
                0x0020d24e                process_is_running
 .text.rtimer_init
                0x0020d258        0x4 obj_openmote-cc2538/rtimer.o
                0x0020d258                rtimer_init
 .text.stimer_set
                0x0020d25c        0xe obj_openmote-cc2538/stimer.o
                0x0020d25c                stimer_set
 .text.timer_set
                0x0020d26a        0xe obj_openmote-cc2538/timer.o
                0x0020d26a                timer_set
 .text.timer_reset
                0x0020d278        0xa obj_openmote-cc2538/timer.o
                0x0020d278                timer_reset
 .text.timer_restart
                0x0020d282        0xc obj_openmote-cc2538/timer.o
                0x0020d282                timer_restart
 .text.timer_expired
                0x0020d28e       0x1c obj_openmote-cc2538/timer.o
                0x0020d28e                timer_expired
 .text.list_init
                0x0020d2aa        0x6 obj_openmote-cc2538/list.o
                0x0020d2aa                list_init
 .text.list_head
                0x0020d2b0        0x4 obj_openmote-cc2538/list.o
                0x0020d2b0                list_head
 .text.list_tail
                0x0020d2b4        0xe obj_openmote-cc2538/list.o
                0x0020d2b4                list_tail
 .text.list_remove
                0x0020d2c2       0x28 obj_openmote-cc2538/list.o
                0x0020d2c2                list_remove
 .text.list_add
                0x0020d2ea       0x1e obj_openmote-cc2538/list.o
                0x0020d2ea                list_add
 .text.list_push
                0x0020d308       0x12 obj_openmote-cc2538/list.o
                0x0020d308                list_push
 .text.list_length
                0x0020d31a        0xe obj_openmote-cc2538/list.o
                0x0020d31a                list_length
 .text.list_item_next
                0x0020d328        0x6 obj_openmote-cc2538/list.o
                0x0020d328                list_item_next
 .text.memb_init
                0x0020d32e       0x20 obj_openmote-cc2538/memb.o
                0x0020d32e                memb_init
 .text.memb_alloc
                0x0020d34e       0x28 obj_openmote-cc2538/memb.o
                0x0020d34e                memb_alloc
 .text.memb_free
                0x0020d376       0x2c obj_openmote-cc2538/memb.o
                0x0020d376                memb_free
 .text.memb_inmemb
                0x0020d3a2       0x1c obj_openmote-cc2538/memb.o
                0x0020d3a2                memb_inmemb
 .text.memb_numfree
                0x0020d3be       0x1c obj_openmote-cc2538/memb.o
                0x0020d3be                memb_numfree
 .text.ringbuf_init
                0x0020d3da        0xe obj_openmote-cc2538/ringbuf.o
                0x0020d3da                ringbuf_init
 .text.ringbuf_put
                0x0020d3e8       0x26 obj_openmote-cc2538/ringbuf.o
                0x0020d3e8                ringbuf_put
 .text.ringbuf_get
                0x0020d40e       0x20 obj_openmote-cc2538/ringbuf.o
                0x0020d40e                ringbuf_get
 .text.chksum   0x0020d42e       0x38 obj_openmote-cc2538/uip6.o
 .text.uip_icmp6chksum
                0x0020d466        0x6 obj_openmote-cc2538/uip6.o
                0x0020d466                uip_icmp6chksum
 .text.uip_udpchksum
                0x0020d46c        0x6 obj_openmote-cc2538/uip6.o
                0x0020d46c                uip_udpchksum
 .text.uip_htonl
                0x0020d472       0x14 obj_openmote-cc2538/uip6.o
                0x0020d472                uip_htonl
 .text.uip_ds6_list_loop
                0x0020d486       0x4a obj_openmote-cc2538/uip-ds6.o
                0x0020d486                uip_ds6_list_loop
 .text.uip_ds6_maddr_rm
                0x0020d4d0        0x8 obj_openmote-cc2538/uip-ds6.o
                0x0020d4d0                uip_ds6_maddr_rm
 .text.uip_ds6_set_addr_iid
                0x0020d4d8       0x12 obj_openmote-cc2538/uip-ds6.o
                0x0020d4d8                uip_ds6_set_addr_iid
 .text.get_match_length
                0x0020d4ea       0x38 obj_openmote-cc2538/uip-ds6.o
                0x0020d4ea                get_match_length
 .text.uip_ds6_nbr_ipaddr_from_lladdr
                0x0020d522        0x4 obj_openmote-cc2538/uip-ds6-nbr.o
                0x0020d522                uip_ds6_nbr_ipaddr_from_lladdr
 .text.uip_ds6_nbr_lladdr_from_ipaddr
                0x0020d526       0x12 obj_openmote-cc2538/uip-ds6-nbr.o
                0x0020d526                uip_ds6_nbr_lladdr_from_ipaddr
 .text.uip_ds6_route_next
                0x0020d538        0x8 obj_openmote-cc2538/uip-ds6-route.o
                0x0020d538                uip_ds6_route_next
 .text.rm_routelist_callback
                0x0020d540        0x4 obj_openmote-cc2538/uip-ds6-route.o
 .text.rpl_remove_routes
                0x0020d544       0x1e obj_openmote-cc2538/rpl.o
                0x0020d544                rpl_remove_routes
 .text.rpl_remove_routes_by_nexthop
                0x0020d562       0x30 obj_openmote-cc2538/rpl.o
                0x0020d562                rpl_remove_routes_by_nexthop
 .text.rpl_add_route
                0x0020d592       0x36 obj_openmote-cc2538/rpl.o
                0x0020d592                rpl_add_route
 .text.lollipop_greater_than
                0x0020d5c8       0x32 obj_openmote-cc2538/rpl-dag.o
 .text.check_prefix
                0x0020d5fa       0x58 obj_openmote-cc2538/rpl-dag.o
 .text.rpl_rank_via_parent
                0x0020d652       0x1e obj_openmote-cc2538/rpl-dag.o
                0x0020d652                rpl_rank_via_parent
 .text.rpl_get_parent_ipaddr
                0x0020d670        0xe obj_openmote-cc2538/rpl-dag.o
                0x0020d670                rpl_get_parent_ipaddr
 .text.rpl_get_parent_link_stats
                0x0020d67e        0xe obj_openmote-cc2538/rpl-dag.o
                0x0020d67e                rpl_get_parent_link_stats
 .text.rpl_parent_is_fresh
                0x0020d68c        0xe obj_openmote-cc2538/rpl-dag.o
                0x0020d68c                rpl_parent_is_fresh
 .text.rpl_parent_is_reachable
                0x0020d69a       0x36 obj_openmote-cc2538/rpl-dag.o
                0x0020d69a                rpl_parent_is_reachable
 .text.rpl_set_prefix
                0x0020d6d0       0x6e obj_openmote-cc2538/rpl-dag.o
                0x0020d6d0                rpl_set_prefix
 .text.rpl_set_default_route
                0x0020d73e       0x30 obj_openmote-cc2538/rpl-dag.o
                0x0020d73e                rpl_set_default_route
 .text.rpl_find_parent
                0x0020d76e       0x18 obj_openmote-cc2538/rpl-dag.o
                0x0020d76e                rpl_find_parent
 .text.rpl_find_parent_any_dag
                0x0020d786       0x1e obj_openmote-cc2538/rpl-dag.o
                0x0020d786                rpl_find_parent_any_dag
 .text.rpl_select_parent
                0x0020d7a4       0x4a obj_openmote-cc2538/rpl-dag.o
                0x0020d7a4                rpl_select_parent
 .text.rpl_select_dag
                0x0020d7ee      0x15c obj_openmote-cc2538/rpl-dag.o
                0x0020d7ee                rpl_select_dag
 .text.rpl_nullify_parent
                0x0020d94a       0x54 obj_openmote-cc2538/rpl-dag.o
                0x0020d94a                rpl_nullify_parent
 .text.nbr_callback
                0x0020d99e        0x4 obj_openmote-cc2538/rpl-dag.o
 .text.rpl_free_dag
                0x0020d9a2       0x3a obj_openmote-cc2538/rpl-dag.o
                0x0020d9a2                rpl_free_dag
 .text.rpl_move_parent
                0x0020d9dc       0x54 obj_openmote-cc2538/rpl-dag.o
                0x0020d9dc                rpl_move_parent
 .text.rpl_repair_root
                0x0020da30       0x48 obj_openmote-cc2538/rpl-dag.o
                0x0020da30                rpl_repair_root
 .text.rpl_alloc_dag
                0x0020da78       0x48 obj_openmote-cc2538/rpl-dag.o
                0x0020da78                rpl_alloc_dag
 .text.rpl_process_parent_event
                0x0020dac0       0x96 obj_openmote-cc2538/rpl-dag.o
                0x0020dac0                rpl_process_parent_event
 .text.rpl_add_dag
                0x0020db56      0x10a obj_openmote-cc2538/rpl-dag.o
                0x0020db56                rpl_add_dag
 .text.rpl_process_dio
                0x0020dc60      0x2e8 obj_openmote-cc2538/rpl-dag.o
                0x0020dc60                rpl_process_dio
 .text.get32    0x0020df48       0x18 obj_openmote-cc2538/rpl-icmp6.o
 .text.set32    0x0020df60       0x12 obj_openmote-cc2538/rpl-icmp6.o
 .text.get16    0x0020df72        0xc obj_openmote-cc2538/rpl-icmp6.o
 .text.set16    0x0020df7e        0xa obj_openmote-cc2538/rpl-icmp6.o
 .text.rpl_icmp6_update_nbr_table
                0x0020df88       0x2e obj_openmote-cc2538/rpl-icmp6.o
                0x0020df88                rpl_icmp6_update_nbr_table
 .text.reset    0x0020dfb6        0x2 obj_openmote-cc2538/rpl-mrhof.o
 .text.update_metric_container
                0x0020dfb8        0x6 obj_openmote-cc2538/rpl-mrhof.o
 .text.parent_link_metric
                0x0020dfbe       0x12 obj_openmote-cc2538/rpl-mrhof.o
 .text.parent_has_usable_link
                0x0020dfd0       0x12 obj_openmote-cc2538/rpl-mrhof.o
 .text.best_dag
                0x0020dfe2       0x28 obj_openmote-cc2538/rpl-mrhof.o
 .text.parent_path_cost
                0x0020e00a       0x30 obj_openmote-cc2538/rpl-mrhof.o
 .text.parent_is_acceptable
                0x0020e03a       0x26 obj_openmote-cc2538/rpl-mrhof.o
 .text.rank_via_parent
                0x0020e060       0x34 obj_openmote-cc2538/rpl-mrhof.o
 .text.best_parent
                0x0020e094       0x66 obj_openmote-cc2538/rpl-mrhof.o
 .text.handle_unicast_dio_timer
                0x0020e0fa       0x1c obj_openmote-cc2538/rpl-timers.o
 .text.rpl_reset_dio_timer
                0x0020e116       0x1c obj_openmote-cc2538/rpl-timers.o
                0x0020e116                rpl_reset_dio_timer
 .text.rpl_schedule_dao
                0x0020e132        0x8 obj_openmote-cc2538/rpl-timers.o
                0x0020e132                rpl_schedule_dao
 .text.get_probing_delay
                0x0020e13a       0x3a obj_openmote-cc2538/rpl-timers.o
                0x0020e13a                get_probing_delay
 .text.handle_probing_timer
                0x0020e174       0x32 obj_openmote-cc2538/rpl-timers.o
 .text.svcall_handler
                0x0020e1a6       0x1e obj_openmote-cc2538/mtarch.o
                0x0020e1a6                svcall_handler
 .text.pendsv_handler
                0x0020e1c4       0x18 obj_openmote-cc2538/mtarch.o
                0x0020e1c4                pendsv_handler
 .text.linkaddr_copy
                0x0020e1dc        0xa obj_openmote-cc2538/linkaddr.o
                0x0020e1dc                linkaddr_copy
 .text.linkaddr_cmp
                0x0020e1e6       0x12 obj_openmote-cc2538/linkaddr.o
                0x0020e1e6                linkaddr_cmp
 .text.link_stats_is_fresh
                0x0020e1f8       0x24 obj_openmote-cc2538/link-stats.o
                0x0020e1f8                link_stats_is_fresh
 .text.nbr_set_bit
                0x0020e21c       0x34 obj_openmote-cc2538/nbr-table.o
 .text.item_from_key
                0x0020e250       0x22 obj_openmote-cc2538/nbr-table.o
 .text.nbr_table_next
                0x0020e272       0x2e obj_openmote-cc2538/nbr-table.o
                0x0020e272                nbr_table_next
 .text.nbr_table_get_from_lladdr
                0x0020e2a0       0x32 obj_openmote-cc2538/nbr-table.o
                0x0020e2a0                nbr_table_get_from_lladdr
 .text.nbr_table_get_lladdr
                0x0020e2d2        0xc obj_openmote-cc2538/nbr-table.o
                0x0020e2d2                nbr_table_get_lladdr
 .text.queuebuf_update_attr_from_packetbuf
                0x0020e2de        0xc obj_openmote-cc2538/queuebuf.o
                0x0020e2de                queuebuf_update_attr_from_packetbuf
 .text.queuebuf_attr
                0x0020e2ea        0xc obj_openmote-cc2538/queuebuf.o
                0x0020e2ea                queuebuf_attr
 .text.packet_sent
                0x0020e2f6       0xca obj_openmote-cc2538/csma.o
 .text.frame802154_has_panid
                0x0020e3c0       0xa8 obj_openmote-cc2538/frame802154.o
                0x0020e3c0                frame802154_has_panid
 .text.field_len
                0x0020e468       0x84 obj_openmote-cc2538/frame802154.o
 .text.frame802154_is_broadcast_addr
                0x0020e4ec       0x20 obj_openmote-cc2538/frame802154.o
                0x0020e4ec                frame802154_is_broadcast_addr
 .text.frame802154_hdrlen
                0x0020e50c       0x32 obj_openmote-cc2538/frame802154.o
                0x0020e50c                frame802154_hdrlen
 .text.frame802154_create_fcf
                0x0020e53e       0x60 obj_openmote-cc2538/frame802154.o
                0x0020e53e                frame802154_create_fcf
 .text.frame802154_create
                0x0020e59e       0x9c obj_openmote-cc2538/frame802154.o
                0x0020e59e                frame802154_create
 .text.frame802154_parse_fcf
                0x0020e63a       0x40 obj_openmote-cc2538/frame802154.o
                0x0020e63a                frame802154_parse_fcf
 .text.parse    0x0020e67a       0x94 obj_openmote-cc2538/framer-802154.o
 .text.create   0x0020e70e        0x6 obj_openmote-cc2538/framer-802154.o
 .text.hdr_length
                0x0020e714        0x6 obj_openmote-cc2538/framer-802154.o
 .text.mac_call_sent_callback
                0x0020e71a       0x10 obj_openmote-cc2538/mac.o
                0x0020e71a                mac_call_sent_callback
 .text.channel_check_interval
                0x0020e72a        0x4 obj_openmote-cc2538/nullrdc.o
 .text.init     0x0020e72e        0x4 obj_openmote-cc2538/nullrdc.o
 .text.send_list
                0x0020e732       0x20 obj_openmote-cc2538/nullrdc.o
 .text.send_packet
                0x0020e752        0x4 obj_openmote-cc2538/nullrdc.o
 .text.init     0x0020e756        0x2 obj_openmote-cc2538/nullsec.o
 .text.res_post_handler
                0x0020e758        0x6 obj_openmote-cc2538/res-toggle-yellow.o
 .text.res_post_handler
                0x0020e75e        0x6 obj_openmote-cc2538/res-toggle-red.o
 .text.res_post_handler
                0x0020e764        0x6 obj_openmote-cc2538/res-toggle-orange.o
 .text.res_post_handler
                0x0020e76a        0x6 obj_openmote-cc2538/res-toggle-green.o
 *(SORT(.rodata*))
 .rodata.coap_rest_implementation
                0x0020e770      0x10c obj_openmote-cc2538/er-coap-engine.o
                0x0020e770                coap_rest_implementation
 .rodata.button_sensor
                0x0020e87c       0x10 obj_openmote-cc2538/button-sensor.o
                0x0020e87c                button_sensor
 .rodata.adxl346
                0x0020e88c       0x10 obj_openmote-cc2538/adxl346.o
                0x0020e88c                adxl346
 .rodata.max44009
                0x0020e89c       0x10 obj_openmote-cc2538/max44009.o
                0x0020e89c                max44009
 .rodata.sht21  0x0020e8ac       0x10 obj_openmote-cc2538/sht21.o
                0x0020e8ac                sht21
 .rodata.uart_regs
                0x0020e8bc       0x58 obj_openmote-cc2538/uart.o
 .rodata.reset_cause.5159
                0x0020e914       0x10 obj_openmote-cc2538/sys-ctrl.o
 .rodata.output_power
                0x0020e924       0x70 obj_openmote-cc2538/cc2538-rf.o
 .rodata.cc2538_rf_driver
                0x0020e994       0x38 obj_openmote-cc2538/cc2538-rf.o
                0x0020e994                cc2538_rf_driver
 .rodata.cc2538_temp_sensor
                0x0020e9cc       0x10 obj_openmote-cc2538/cc2538-temp-sensor.o
                0x0020e9cc                cc2538_temp_sensor
 .rodata.sicslowpan_driver
                0x0020e9dc        0xc obj_openmote-cc2538/sicslowpan.o
                0x0020e9dc                sicslowpan_driver
 .rodata.csma_driver
                0x0020e9e8       0x1c obj_openmote-cc2538/csma.o
                0x0020e9e8                csma_driver
 .rodata.framer_802154
                0x0020ea04        0xc obj_openmote-cc2538/framer-802154.o
                0x0020ea04                framer_802154
 .rodata.nullrdc_driver
                0x0020ea10       0x20 obj_openmote-cc2538/nullrdc.o
                0x0020ea10                nullrdc_driver
 .rodata.nullsec_driver
                0x0020ea30       0x10 obj_openmote-cc2538/nullsec.o
                0x0020ea30                nullsec_driver
 .rodata.autostart_processes
                0x0020ea40        0x8 er-example-server.co
                0x0020ea40                autostart_processes
 .rodata._ctype_
                0x0020ea48      0x104 /usr/lib/gcc/arm-none-eabi/4.8.2/../../../arm-none-eabi/lib/armv7-m/libc.a(lib_a-ctype_.o)
                0x0020ea48                _ctype_
 .rodata.str1.4
                0x0020eb4c        0x4 /usr/lib/gcc/arm-none-eabi/4.8.2/../../../arm-none-eabi/lib/armv7-m/libc.a(lib_a-impure.o)
 .rodata.str1.1
                0x0020eb50       0xae obj_openmote-cc2538/er-coap.o
                                 0xaf (size before relaxing)
 .rodata.str1.1
                0x0020ebfe       0x66 obj_openmote-cc2538/er-coap-engine.o
 .rodata.str1.1
                0x0020ec64       0x11 obj_openmote-cc2538/er-coap-observe.o
 .rodata.str1.1
                0x0020ec75        0xd obj_openmote-cc2538/er-coap-separate.o
 .rodata.str1.1
                0x0020ec82        0x6 obj_openmote-cc2538/er-coap-res-well-known-core.o
                                 0x19 (size before relaxing)
 .rodata.str1.1
                0x0020ec88      0x24f obj_openmote-cc2538/er-coap-observe-client.o
 .rodata.str1.1
                0x0020eed7        0xc obj_openmote-cc2538/rest-engine.o
 .rodata.str1.1
                0x0020eee3       0x66 obj_openmote-cc2538/contiki-main.o
 .rodata.str1.1
                0x0020ef49        0x7 obj_openmote-cc2538/button-sensor.o
 .rodata.str1.1
                0x0020ef50        0xf obj_openmote-cc2538/adxl346.o
 .rodata        0x0020ef5f        0xa obj_openmote-cc2538/max44009.o
 .rodata.str1.1
                0x0020ef69       0x68 obj_openmote-cc2538/max44009.o
 .rodata.str1.1
                0x0020efd1        0xd obj_openmote-cc2538/sht21.o
 .rodata.str1.1
                0x0020efde       0x94 obj_openmote-cc2538/soc.o
 .rodata.str1.1
                0x0020f072       0x2d obj_openmote-cc2538/sys-ctrl.o
 .rodata.str1.1
                0x0020f09f       0x11 obj_openmote-cc2538/cc2538-rf.o
 .rodata.str1.1
                0x0020f0b0       0x14 obj_openmote-cc2538/cc2538-temp-sensor.o
 .rodata.str1.1
                0x0020f0c4       0x35 obj_openmote-cc2538/strformat.o
                                 0x37 (size before relaxing)
 .rodata.buffer.4132
                0x0020f0f9       0x10 obj_openmote-cc2538/strformat.o
 .rodata.buffer.4141
                0x0020f109       0x10 obj_openmote-cc2538/strformat.o
 .rodata.str1.1
                0x0020f119        0xf obj_openmote-cc2538/ctimer.o
 .rodata.str1.1
                0x0020f128        0xc obj_openmote-cc2538/etimer.o
 .rodata.str1.1
                0x0020f134        0xe obj_openmote-cc2538/serial-line.o
 .rodata.str1.1
                0x0020f142        0x8 obj_openmote-cc2538/sensors.o
 .rodata        0x0020f14a        0x2 obj_openmote-cc2538/sicslowpan.o
 .rodata.ttl_values
                0x0020f14c        0x4 obj_openmote-cc2538/sicslowpan.o
 .rodata.unc_llconf
                0x0020f150        0x4 obj_openmote-cc2538/sicslowpan.o
                0x0020f150                unc_llconf
 .rodata.llprefix
                0x0020f154        0x2 obj_openmote-cc2538/sicslowpan.o
                0x0020f154                llprefix
 .rodata.unc_mxconf
                0x0020f156        0x4 obj_openmote-cc2538/sicslowpan.o
                0x0020f156                unc_mxconf
 .rodata.str1.1
                0x0020f15a        0xb obj_openmote-cc2538/sicslowpan.o
 .rodata.unc_ctxconf
                0x0020f165        0x4 obj_openmote-cc2538/sicslowpan.o
                0x0020f165                unc_ctxconf
 .rodata.str1.1
                0x0020f169        0xd obj_openmote-cc2538/tcpip.o
 .rodata.str1.1
                0x0020f176       0x28 obj_openmote-cc2538/uip-debug.o
 .rodata.linkaddr_null
                0x0020f19e        0x8 obj_openmote-cc2538/linkaddr.o
                0x0020f19e                linkaddr_null
 .rodata.str1.1
                0x0020f1a6        0x5 obj_openmote-cc2538/csma.o
 .rodata.str1.1
                0x0020f1ab        0x8 obj_openmote-cc2538/nullrdc.o
 .rodata.str1.1
                0x0020f1b3        0x8 obj_openmote-cc2538/nullsec.o
 .rodata.str1.1
                0x0020f1bb      0x172 er-example-server.co
 .rodata.str1.1
                0x0020f32d       0x17 obj_openmote-cc2538/res-event.o
                                 0x21 (size before relaxing)
 .rodata.str1.1
                0x0020f344       0x2e obj_openmote-cc2538/res-push.o
 .rodata.str1.1
                0x0020f372       0x4f obj_openmote-cc2538/res-leds.o
                                 0x56 (size before relaxing)
 .rodata.str1.1
                0x0020f3c1       0x20 obj_openmote-cc2538/res-toggle-yellow.o
 .rodata.str1.1
                0x0020f3e1       0x1d obj_openmote-cc2538/res-toggle-red.o
 .rodata.str1.1
                0x0020f3fe       0x91 obj_openmote-cc2538/res-adxl346.o
 .rodata.str1.1
                0x0020f48f       0x21 obj_openmote-cc2538/res-separate.o
 .rodata.str1.1
                0x0020f4b0       0x3d obj_openmote-cc2538/res-max44009.o
                                 0x68 (size before relaxing)
 .rodata.str1.1
                0x0020f4ed       0xde obj_openmote-cc2538/res-sht21.o
 .rodata.str1.1
                0x0020f5cb       0x20 obj_openmote-cc2538/res-toggle-orange.o
 .rodata.str1.1
                0x0020f5eb       0x6d obj_openmote-cc2538/res-hello.o
 .rodata.str1.1
                0x0020f658       0x40 obj_openmote-cc2538/res-sub.o
 .rodata.str1.1
                0x0020f698       0x1f obj_openmote-cc2538/res-toggle-green.o
                0x0020f6b7                _etext = .

.glue_7         0x0020f6b8        0x0
 .glue_7        0x00000000        0x0 linker stubs

.glue_7t        0x0020f6b8        0x0
 .glue_7t       0x00000000        0x0 linker stubs

.vfp11_veneer   0x0020f6b8        0x0
 .vfp11_veneer  0x00000000        0x0 linker stubs

.v4_bx          0x0020f6b8        0x0
 .v4_bx         0x00000000        0x0 linker stubs

.iplt           0x0020f6b8        0x0
 .iplt          0x00000000        0x0 obj_openmote-cc2538/startup-gcc.o

.socdata        0x20000000       0x40
 *(SORT(.udma_channel_control_table))
 .udma_channel_control_table
                0x20000000       0x40 obj_openmote-cc2538/udma.o

.data           0x20000040      0x83d load address 0x0020f6b8
                0x20000040                _data = .
 *(SORT(.data*))
 .data.impure_data
                0x20000040      0x428 /usr/lib/gcc/arm-none-eabi/4.8.2/../../../arm-none-eabi/lib/armv7-m/libc.a(lib_a-impure.o)
 .data.coap_error_message
                0x20000468        0x4 obj_openmote-cc2538/er-coap.o
                0x20000468                coap_error_message
 .data.coap_engine
                0x2000046c       0x10 obj_openmote-cc2538/er-coap-engine.o
                0x2000046c                coap_engine
 .data.transactions_memb
                0x2000047c        0xc obj_openmote-cc2538/er-coap-transactions.o
 .data.observers_memb
                0x20000488        0xc obj_openmote-cc2538/er-coap-observe.o
 .data.res_well_known_core
                0x20000494       0x24 obj_openmote-cc2538/er-coap-res-well-known-core.o
                0x20000494                res_well_known_core
 .data.rest_engine_process
                0x200004b8       0x10 obj_openmote-cc2538/rest-engine.o
                0x200004b8                rest_engine_process
 .data.sensors  0x200004c8        0xc obj_openmote-cc2538/openmote-sensors.o